Archive member included to satisfy reference by file (symbol)

app/libapp.a(main.c.obj)      (--whole-archive)
zephyr/libzephyr.a(heap.c.obj)
                              (--whole-archive)
zephyr/libzephyr.a(cbprintf_packaged.c.obj)
                              (--whole-archive)
zephyr/libzephyr.a(printk.c.obj)
                              (--whole-archive)
zephyr/libzephyr.a(sem.c.obj)
                              (--whole-archive)
zephyr/libzephyr.a(thread_entry.c.obj)
                              (--whole-archive)
zephyr/libzephyr.a(cbprintf_complete.c.obj)
                              (--whole-archive)
zephyr/libzephyr.a(assert.c.obj)
                              (--whole-archive)
zephyr/libzephyr.a(mpsc_pbuf.c.obj)
                              (--whole-archive)
zephyr/libzephyr.a(reboot.c.obj)
                              (--whole-archive)
zephyr/libzephyr.a(dec.c.obj)
                              (--whole-archive)
zephyr/libzephyr.a(hex.c.obj)
                              (--whole-archive)
zephyr/libzephyr.a(rb.c.obj)  (--whole-archive)
zephyr/libzephyr.a(timeutil.c.obj)
                              (--whole-archive)
zephyr/libzephyr.a(bitarray.c.obj)
                              (--whole-archive)
zephyr/libzephyr.a(ring_buffer.c.obj)
                              (--whole-archive)
zephyr/libzephyr.a(configs.c.obj)
                              (--whole-archive)
zephyr/libzephyr.a(stm32cube_hal.c.obj)
                              (--whole-archive)
zephyr/libzephyr.a(soc_config.c.obj)
                              (--whole-archive)
zephyr/libzephyr.a(soc.c.obj)
                              (--whole-archive)
zephyr/libzephyr.a(log_core.c.obj)
                              (--whole-archive)
zephyr/libzephyr.a(log_mgmt.c.obj)
                              (--whole-archive)
zephyr/libzephyr.a(log_cache.c.obj)
                              (--whole-archive)
zephyr/libzephyr.a(log_msg.c.obj)
                              (--whole-archive)
zephyr/libzephyr.a(log_output.c.obj)
                              (--whole-archive)
zephyr/libzephyr.a(log_backend_rtt.c.obj)
                              (--whole-archive)
zephyr/libzephyr.a(log_backend_uart.c.obj)
                              (--whole-archive)
zephyr/libzephyr.a(mem_attr.c.obj)
                              (--whole-archive)
zephyr/libzephyr.a(tracing_none.c.obj)
                              (--whole-archive)
zephyr/arch/common/libarch__common.a(sw_isr_common.c.obj)
                              (--whole-archive)
zephyr/arch/arch/arm/core/libarch__arm__core.a(fatal.c.obj)
                              (--whole-archive)
zephyr/arch/arch/arm/core/libarch__arm__core.a(nmi.c.obj)
                              (--whole-archive)
zephyr/arch/arch/arm/core/libarch__arm__core.a(nmi_on_reset.S.obj)
                              (--whole-archive)
zephyr/arch/arch/arm/core/libarch__arm__core.a(tls.c.obj)
                              (--whole-archive)
zephyr/arch/arch/arm/core/cortex_m/libarch__arm__core__cortex_m.a(exc_exit.c.obj)
                              (--whole-archive)
zephyr/arch/arch/arm/core/cortex_m/libarch__arm__core__cortex_m.a(fault.c.obj)
                              (--whole-archive)
zephyr/arch/arch/arm/core/cortex_m/libarch__arm__core__cortex_m.a(fault_s.S.obj)
                              (--whole-archive)
zephyr/arch/arch/arm/core/cortex_m/libarch__arm__core__cortex_m.a(fpu.c.obj)
                              (--whole-archive)
zephyr/arch/arch/arm/core/cortex_m/libarch__arm__core__cortex_m.a(reset.S.obj)
                              (--whole-archive)
zephyr/arch/arch/arm/core/cortex_m/libarch__arm__core__cortex_m.a(scb.c.obj)
                              (--whole-archive)
zephyr/arch/arch/arm/core/cortex_m/libarch__arm__core__cortex_m.a(thread_abort.c.obj)
                              (--whole-archive)
zephyr/arch/arch/arm/core/cortex_m/libarch__arm__core__cortex_m.a(vector_table.S.obj)
                              (--whole-archive)
zephyr/arch/arch/arm/core/cortex_m/libarch__arm__core__cortex_m.a(swap_helper.S.obj)
                              (--whole-archive)
zephyr/arch/arch/arm/core/cortex_m/libarch__arm__core__cortex_m.a(irq_manage.c.obj)
                              (--whole-archive)
zephyr/arch/arch/arm/core/cortex_m/libarch__arm__core__cortex_m.a(prep_c.c.obj)
                              (--whole-archive)
zephyr/arch/arch/arm/core/cortex_m/libarch__arm__core__cortex_m.a(thread.c.obj)
                              (--whole-archive)
zephyr/arch/arch/arm/core/cortex_m/libarch__arm__core__cortex_m.a(cpu_idle.c.obj)
                              (--whole-archive)
zephyr/arch/arch/arm/core/cortex_m/libarch__arm__core__cortex_m.a(irq_init.c.obj)
                              (--whole-archive)
zephyr/arch/arch/arm/core/cortex_m/libarch__arm__core__cortex_m.a(isr_wrapper.c.obj)
                              (--whole-archive)
zephyr/arch/arch/arm/core/cortex_m/libarch__arm__core__cortex_m.a(__aeabi_read_tp.S.obj)
[...]
Memory Configuration

Name             Origin             Length             Attributes
FLASH            0x0000000008000000 0x0000000000080000 xr
RAM              0x0000000020000000 0x0000000000018000 xw
IDT_LIST         0x00000000ffff7fff 0x0000000000008000 xw
*default*        0x0000000000000000 0xffffffffffffffff

Linker script and memory map

                0x0000000008004110                vfprintf = __l_vfprintf
                0x0000000000000000                vfscanf = __l_vfscanf
LOAD zephyr/CMakeFiles/zephyr_pre0.dir/misc/empty_file.c.obj
LOAD zephyr/CMakeFiles/offsets.dir/./arch/arm/core/offsets/offsets.c.obj
LOAD app/libapp.a
LOAD zephyr/libzephyr.a
LOAD zephyr/arch/common/libarch__common.a
LOAD zephyr/arch/arch/arm/core/libarch__arm__core.a
LOAD zephyr/arch/arch/arm/core/cortex_m/libarch__arm__core__cortex_m.a
LOAD zephyr/arch/arch/arm/core/mpu/libarch__arm__core__mpu.a
LOAD zephyr/lib/libc/picolibc/liblib__libc__picolibc.a
LOAD zephyr/lib/libc/common/liblib__libc__common.a
LOAD zephyr/drivers/interrupt_controller/libdrivers__interrupt_controller.a
LOAD zephyr/drivers/clock_control/libdrivers__clock_control.a
LOAD zephyr/drivers/console/libdrivers__console.a
LOAD zephyr/drivers/gpio/libdrivers__gpio.a
LOAD zephyr/drivers/pinctrl/libdrivers__pinctrl.a
LOAD zephyr/drivers/reset/libdrivers__reset.a
LOAD zephyr/drivers/serial/libdrivers__serial.a
LOAD zephyr/drivers/timer/libdrivers__timer.a
LOAD modules/hal_stm32/stm32cube/lib..__modules__hal__stm32__stm32cube.a
LOAD modules/segger/libmodules__segger.a
LOAD zephyr/kernel/libkernel.a
LOAD zephyr/arch/common/libisr_tables.a
LOAD /home/nazanin/zephyr-sdk-0.17.0/arm-zephyr-eabi/bin/../lib/gcc/../../picolibc/arm-zephyr-eabi/lib/thumb/v7e-m/nofp/libc.a
LOAD /home/nazanin/zephyr-sdk-0.17.0/arm-zephyr-eabi/bin/../lib/gcc/arm-zephyr-eabi/12.2.0/thumb/v7e-m/nofp/libgcc.a
                0x0000000000000020                _region_min_align = 0x20

.rel.plt        0x0000000008000000        0x0
 *(SORT_BY_ALIGNMENT(.rel.plt))
                [!provide]                        PROVIDE (__rel_iplt_start = .)
 *(SORT_BY_ALIGNMENT(.rel.iplt))
 .rel.iplt      0x0000000008000000        0x0 app/libapp.a(main.c.obj)
                [!provide]                        PROVIDE (__rel_iplt_end = .)

.rela.plt       0x0000000000000000        0x0
 *(SORT_BY_ALIGNMENT(.rela.plt))
                [!provide]                        PROVIDE (__rela_iplt_start = .)
 *(SORT_BY_ALIGNMENT(.rela.iplt))
                [!provide]                        PROVIDE (__rela_iplt_end = .)

.rel.dyn
 *(SORT_BY_ALIGNMENT(.rel.*))

.rela.dyn
 *(SORT_BY_ALIGNMENT(.rela.*))

/DISCARD/
 *(SORT_BY_ALIGNMENT(.plt))

/DISCARD/
 *(SORT_BY_ALIGNMENT(.iplt))
                0x0000000008000000                __rom_region_start = 0x8000000

rom_start       0x0000000008000000      0x194
                0x0000000008000000                __rom_start_address = .
 FILL mask 0x00
                0x0000000008000000                . = (. + (0x0 - (. - __rom_start_address)))
                0x0000000008000000                . = ALIGN (0x4)
                0x0000000008000000                . = ALIGN (0x80)
                0x0000000008000000                . = ALIGN (0x200)
                0x0000000008000000                _vector_start = .
 *(SORT_BY_ALIGNMENT(.exc_vector_table))
 *(SORT_BY_ALIGNMENT(.exc_vector_table.*))
 .exc_vector_table._vector_table_section
                0x0000000008000000       0x40 zephyr/arch/arch/arm/core/cortex_m/libarch__arm__core__cortex_m.a(vector_table.S.obj)
                0x0000000008000000                _vector_table
 *(SORT_BY_ALIGNMENT(.vectors))
                0x0000000008000194                _vector_end = .
                0x0000000008000040                . = ALIGN (0x4)
 *(SORT_BY_ALIGNMENT(.gnu.linkonce.irq_vector_table*))
 .gnu.linkonce.irq_vector_table
                0x0000000008000040      0x154 zephyr/arch/common/libisr_tables.a(isr_tables.c.obj)
                0x0000000008000040                _irq_vector_table
                0x0000000008000194                _vector_end = .

text            0x0000000008000194     0x5888
                0x0000000008000194                __text_region_start = .
 *(SORT_BY_ALIGNMENT(.text))
 .text          0x0000000008000194       0x30 /home/nazanin/zephyr-sdk-0.17.0/arm-zephyr-eabi/bin/../lib/gcc/arm-zephyr-eabi/12.2.0/thumb/v7e-m/nofp/libgcc.a(_aeabi_uldivmod.o)
                0x0000000008000194                __aeabi_uldivmod
 .text          0x00000000080001c4        0x4 /home/nazanin/zephyr-sdk-0.17.0/arm-zephyr-eabi/bin/../lib/gcc/arm-zephyr-eabi/12.2.0/thumb/v7e-m/nofp/libgcc.a(_dvmd_tls.o)
                0x00000000080001c4                __aeabi_ldiv0
                0x00000000080001c4                __aeabi_idiv0
 .text          0x00000000080001c8       0x10 /home/nazanin/zephyr-sdk-0.17.0/arm-zephyr-eabi/bin/../lib/gcc/../../picolibc/arm-zephyr-eabi/lib/thumb/v7e-m/nofp/libc.a(strlen.S.o)
                0x00000000080001c8                strlen
 .text          0x00000000080001d8      0x2a0 /home/nazanin/zephyr-sdk-0.17.0/arm-zephyr-eabi/bin/../lib/gcc/arm-zephyr-eabi/12.2.0/thumb/v7e-m/nofp/libgcc.a(_udivmoddi4.o)
                0x00000000080001d8                __udivmoddi4
 *(SORT_BY_ALIGNMENT(.text.*))
 .text.cbvprintf_package
                0x0000000008000478      0x3a4 zephyr/libzephyr.a(cbprintf_packaged.c.obj)
                0x0000000008000478                cbvprintf_package
 .text.cbprintf_package_convert
                0x000000000800081c      0x3cc zephyr/libzephyr.a(cbprintf_packaged.c.obj)
                0x000000000800081c                cbprintf_package_convert
 .text.__printk_hook_install
                0x0000000008000be8        0xc zephyr/libzephyr.a(printk.c.obj)
                0x0000000008000be8                __printk_hook_install
 .text.z_thread_entry
                0x0000000008000bf4       0x34 zephyr/libzephyr.a(thread_entry.c.obj)
                0x0000000008000bf4                z_thread_entry
 .text.st_stm32_common_config
                0x0000000008000c28       0x30 zephyr/libzephyr.a(soc_config.c.obj)
 .text.soc_early_init_hook
                0x0000000008000c58       0x30 zephyr/libzephyr.a(soc.c.obj)
                0x0000000008000c58                soc_early_init_hook
 .text.activate_foreach_backend
                0x0000000008000c88       0x64 zephyr/libzephyr.a(log_core.c.obj)
 .text.enable_logger
                0x0000000008000cec       0x5c zephyr/libzephyr.a(log_core.c.obj)
 .text.log_process_thread_timer_expiry_fn
                0x0000000008000d48        0xc zephyr/libzephyr.a(log_core.c.obj)
 .text.z_log_init
                0x0000000008000d54       0xa4 zephyr/libzephyr.a(log_core.c.obj)
 .text.log_format_func_t_get
                0x0000000008000df8        0xc zephyr/libzephyr.a(log_core.c.obj)
                0x0000000008000df8                log_format_func_t_get
 .text.log_set_timestamp_func
                0x0000000008000e04       0x20 zephyr/libzephyr.a(log_core.c.obj)
                0x0000000008000e04                log_set_timestamp_func
 .text.z_log_notify_backend_enabled
                0x0000000008000e24       0x1c zephyr/libzephyr.a(log_core.c.obj)
                0x0000000008000e24                z_log_notify_backend_enabled
 .text.z_log_dropped
                0x0000000008000e40       0x44 zephyr/libzephyr.a(log_core.c.obj)
                0x0000000008000e40                z_log_dropped
 .text.z_log_dropped_read_and_clear
                0x0000000008000e84       0x20 zephyr/libzephyr.a(log_core.c.obj)
                0x0000000008000e84                z_log_dropped_read_and_clear
 .text.dropped_notify
                0x0000000008000ea4       0x30 zephyr/libzephyr.a(log_core.c.obj)
                0x0000000008000ea4                dropped_notify
 .text.z_log_msg_init
                0x0000000008000ed4       0x20 zephyr/libzephyr.a(log_core.c.obj)
                0x0000000008000ed4                z_log_msg_init
 .text.log_core_init
                0x0000000008000ef4       0x34 zephyr/libzephyr.a(log_core.c.obj)
                0x0000000008000ef4                log_core_init
 .text.z_log_msg_alloc
                0x0000000008000f28       0x10 zephyr/libzephyr.a(log_core.c.obj)
                0x0000000008000f28                z_log_msg_alloc
 .text.z_log_msg_local_claim
                0x0000000008000f38        0xc zephyr/libzephyr.a(log_core.c.obj)
                0x0000000008000f38                z_log_msg_local_claim
 .text.z_log_msg_free
                0x0000000008000f44       0x10 zephyr/libzephyr.a(log_core.c.obj)
                0x0000000008000f44                z_log_msg_free
 .text.z_log_msg_pending
                0x0000000008000f54        0xc zephyr/libzephyr.a(log_core.c.obj)
                0x0000000008000f54                z_log_msg_pending
 .text.z_impl_log_process
                0x0000000008000f60       0xb4 zephyr/libzephyr.a(log_core.c.obj)
                0x0000000008000f60                z_impl_log_process
 .text.z_impl_log_panic
                0x0000000008001014       0x44 zephyr/libzephyr.a(log_core.c.obj)
                0x0000000008001014                z_impl_log_panic
 .text.log_process_thread_func
                0x0000000008001058       0xa4 zephyr/libzephyr.a(log_core.c.obj)
 .text.z_log_msg_post_finalize
                0x00000000080010fc       0x78 zephyr/libzephyr.a(log_core.c.obj)
 .text.z_log_msg_commit
                0x0000000008001174       0x24 zephyr/libzephyr.a(log_core.c.obj)
                0x0000000008001174                z_log_msg_commit
 .text.log_source_name_get
                0x0000000008001198       0x1c zephyr/libzephyr.a(log_mgmt.c.obj)
                0x0000000008001198                log_source_name_get
 .text.z_impl_z_log_msg_static_create
                0x00000000080011b4      0x108 zephyr/libzephyr.a(log_msg.c.obj)
                0x00000000080011b4                z_impl_z_log_msg_static_create
 .text.z_log_msg_runtime_vcreate
                0x00000000080012bc       0xa0 zephyr/libzephyr.a(log_msg.c.obj)
                0x00000000080012bc                z_log_msg_runtime_vcreate
 .text.log_msg_get_source_id
                0x000000000800135c       0x18 zephyr/libzephyr.a(log_msg.c.obj)
                0x000000000800135c                log_msg_get_source_id
 .text.print_formatted
                0x0000000008001374       0x24 zephyr/libzephyr.a(log_output.c.obj)
 .text.newline_print
                0x0000000008001398       0x1c zephyr/libzephyr.a(log_output.c.obj)
 .text.log_output_process
                0x00000000080013b4      0x2d4 zephyr/libzephyr.a(log_output.c.obj)
                0x00000000080013b4                log_output_process
 .text.log_output_dropped_process
                0x0000000008001688       0x58 zephyr/libzephyr.a(log_output.c.obj)
                0x0000000008001688                log_output_dropped_process
 .text.log_output_timestamp_freq_set
                0x00000000080016e0       0x2c zephyr/libzephyr.a(log_output.c.obj)
                0x00000000080016e0                log_output_timestamp_freq_set
 .text.log_backend_rtt_init
                0x000000000800170c        0xc zephyr/libzephyr.a(log_backend_rtt.c.obj)
 .text.format_set
                0x0000000008001718        0xc zephyr/libzephyr.a(log_backend_rtt.c.obj)
 .text.dropped  0x0000000008001724        0xc zephyr/libzephyr.a(log_backend_rtt.c.obj)
 .text.process  0x0000000008001730       0x24 zephyr/libzephyr.a(log_backend_rtt.c.obj)
 .text.panic    0x0000000008001754       0x34 zephyr/libzephyr.a(log_backend_rtt.c.obj)
 .text.on_failed_write
                0x0000000008001788       0x28 zephyr/libzephyr.a(log_backend_rtt.c.obj)
 .text.data_out_block_mode
                0x00000000080017b0       0x88 zephyr/libzephyr.a(log_backend_rtt.c.obj)
 .text.char_out
                0x0000000008001838       0x24 zephyr/libzephyr.a(log_backend_uart.c.obj)
 .text.mem_attr_get_regions
                0x000000000800185c        0xc zephyr/libzephyr.a(mem_attr.c.obj)
                0x000000000800185c                mem_attr_get_regions
 .text.z_arm_fatal_error
                0x0000000008001868       0xb8 zephyr/arch/arch/arm/core/libarch__arm__core.a(fatal.c.obj)
                0x0000000008001868                z_arm_fatal_error
 .text.z_arm_nmi
                0x0000000008001920       0x14 zephyr/arch/arch/arm/core/libarch__arm__core.a(nmi.c.obj)
                0x0000000008001920                z_arm_nmi
 .text.z_SysNmiOnReset
                0x0000000008001934        0x8 zephyr/arch/arch/arm/core/libarch__arm__core.a(nmi_on_reset.S.obj)
                0x0000000008001934                z_SysNmiOnReset
 .text.arch_tls_stack_setup
                0x000000000800193c       0x40 zephyr/arch/arch/arm/core/libarch__arm__core.a(tls.c.obj)
                0x000000000800193c                arch_tls_stack_setup
 .text._HandlerModeExit
                0x000000000800197c       0x20 zephyr/arch/arch/arm/core/cortex_m/libarch__arm__core__cortex_m.a(exc_exit.c.obj)
                0x000000000800197c                z_arm_exc_exit
                0x000000000800197c                z_arm_int_exit
 .text.bus_fault.constprop.0
                0x000000000800199c       0xd0 zephyr/arch/arch/arm/core/cortex_m/libarch__arm__core__cortex_m.a(fault.c.obj)
 .text.usage_fault.constprop.0
                0x0000000008001a6c       0xa8 zephyr/arch/arch/arm/core/cortex_m/libarch__arm__core__cortex_m.a(fault.c.obj)
 .text.mem_manage_fault
                0x0000000008001b14      0x104 zephyr/arch/arch/arm/core/cortex_m/libarch__arm__core__cortex_m.a(fault.c.obj)
 .text.z_arm_fault
                0x0000000008001c18      0x1d4 zephyr/arch/arch/arm/core/cortex_m/libarch__arm__core__cortex_m.a(fault.c.obj)
                0x0000000008001c18                z_arm_fault
 .text.z_arm_fault_init
                0x0000000008001dec       0x18 zephyr/arch/arch/arm/core/cortex_m/libarch__arm__core__cortex_m.a(fault.c.obj)
                0x0000000008001dec                z_arm_fault_init
 .text.__fault  0x0000000008001e04       0x14 zephyr/arch/arch/arm/core/cortex_m/libarch__arm__core__cortex_m.a(fault_s.S.obj)
                0x0000000008001e04                z_arm_bus_fault
                0x0000000008001e04                z_arm_usage_fault
                0x0000000008001e04                z_arm_mpu_fault
                0x0000000008001e04                z_arm_exc_spurious
                0x0000000008001e04                z_arm_debug_monitor
                0x0000000008001e04                z_arm_hard_fault
 .text._reset_section
                0x0000000008001e18       0x2c zephyr/arch/arch/arm/core/cortex_m/libarch__arm__core__cortex_m.a(reset.S.obj)
                0x0000000008001e18                z_arm_reset
                0x0000000008001e18                __start
 .text.z_impl_k_thread_abort
                0x0000000008001e44       0x2c zephyr/arch/arch/arm/core/cortex_m/libarch__arm__core__cortex_m.a(thread_abort.c.obj)
                0x0000000008001e44                z_impl_k_thread_abort
 .text.z_arm_pendsv
                0x0000000008001e70       0x60 zephyr/arch/arch/arm/core/cortex_m/libarch__arm__core__cortex_m.a(swap_helper.S.obj)
                0x0000000008001e70                z_arm_pendsv
 .text.z_arm_svc
                0x0000000008001ed0       0x24 zephyr/arch/arch/arm/core/cortex_m/libarch__arm__core__cortex_m.a(swap_helper.S.obj)
                0x0000000008001ed0                z_arm_svc
 .text.arch_irq_enable
                0x0000000008001ef4       0x1c zephyr/arch/arch/arm/core/cortex_m/libarch__arm__core__cortex_m.a(irq_manage.c.obj)
                0x0000000008001ef4                arch_irq_enable
 .text.z_arm_irq_priority_set
                0x0000000008001f10       0x30 zephyr/arch/arch/arm/core/cortex_m/libarch__arm__core__cortex_m.a(irq_manage.c.obj)
                0x0000000008001f10                z_arm_irq_priority_set
 .text.z_prep_c
                0x0000000008001f40       0x48 zephyr/arch/arch/arm/core/cortex_m/libarch__arm__core__cortex_m.a(prep_c.c.obj)
                0x0000000008001f40                z_prep_c
 .text.arch_new_thread
                0x0000000008001f88       0x38 zephyr/arch/arch/arm/core/cortex_m/libarch__arm__core__cortex_m.a(thread.c.obj)
                0x0000000008001f88                arch_new_thread
 .text.z_check_thread_stack_fail
                0x0000000008001fc0       0x2c zephyr/arch/arch/arm/core/cortex_m/libarch__arm__core__cortex_m.a(thread.c.obj)
                0x0000000008001fc0                z_check_thread_stack_fail
 .text.arch_switch_to_main_thread
                0x0000000008001fec       0x3c zephyr/arch/arch/arm/core/cortex_m/libarch__arm__core__cortex_m.a(thread.c.obj)
                0x0000000008001fec                arch_switch_to_main_thread
 .text.z_arm_cpu_idle_init
                0x0000000008002028        0xc zephyr/arch/arch/arm/core/cortex_m/libarch__arm__core__cortex_m.a(cpu_idle.c.obj)
                0x0000000008002028                z_arm_cpu_idle_init
 .text.z_arm_interrupt_init
                0x0000000008002034       0x18 zephyr/arch/arch/arm/core/cortex_m/libarch__arm__core__cortex_m.a(irq_init.c.obj)
                0x0000000008002034                z_arm_interrupt_init
 .text._isr_wrapper
                0x000000000800204c       0x24 zephyr/arch/arch/arm/core/cortex_m/libarch__arm__core__cortex_m.a(isr_wrapper.c.obj)
                0x000000000800204c                _isr_wrapper
 .text.z_arm_configure_static_mpu_regions
                0x0000000008002070       0x18 zephyr/arch/arch/arm/core/mpu/libarch__arm__core__mpu.a(arm_core_mpu.c.obj)
                0x0000000008002070                z_arm_configure_static_mpu_regions
 .text.z_arm_configure_dynamic_mpu_regions
                0x0000000008002088       0x20 zephyr/arch/arch/arm/core/mpu/libarch__arm__core__mpu.a(arm_core_mpu.c.obj)
                0x0000000008002088                z_arm_configure_dynamic_mpu_regions
 .text.region_allocate_and_init
                0x00000000080020a8       0x54 zephyr/arch/arch/arm/core/mpu/libarch__arm__core__mpu.a(arm_mpu.c.obj)
 .text.mpu_configure_regions
                0x00000000080020fc       0x68 zephyr/arch/arch/arm/core/mpu/libarch__arm__core__mpu.a(arm_mpu.c.obj)
 .text.arm_core_mpu_enable
                0x0000000008002164       0x18 zephyr/arch/arch/arm/core/mpu/libarch__arm__core__mpu.a(arm_mpu.c.obj)
                0x0000000008002164                arm_core_mpu_enable
 .text.arm_core_mpu_disable
                0x000000000800217c       0x14 zephyr/arch/arch/arm/core/mpu/libarch__arm__core__mpu.a(arm_mpu.c.obj)
                0x000000000800217c                arm_core_mpu_disable
 .text.arm_core_mpu_configure_static_mpu_regions
                0x0000000008002190       0x14 zephyr/arch/arch/arm/core/mpu/libarch__arm__core__mpu.a(arm_mpu.c.obj)
                0x0000000008002190                arm_core_mpu_configure_static_mpu_regions
 .text.arm_core_mpu_configure_dynamic_mpu_regions
                0x00000000080021a4       0x38 zephyr/arch/arch/arm/core/mpu/libarch__arm__core__mpu.a(arm_mpu.c.obj)
                0x00000000080021a4                arm_core_mpu_configure_dynamic_mpu_regions
 .text.z_arm_mpu_init
                0x00000000080021dc      0x17c zephyr/arch/arch/arm/core/mpu/libarch__arm__core__mpu.a(arm_mpu.c.obj)
                0x00000000080021dc                z_arm_mpu_init
 .text.cbvprintf
                0x0000000008002358       0x38 zephyr/lib/libc/picolibc/liblib__libc__picolibc.a(cbprintf.c.obj)
                0x0000000008002358                cbvprintf
 .text.z_impl_zephyr_fputc
                0x0000000008002390       0x10 zephyr/lib/libc/picolibc/liblib__libc__picolibc.a(stdio.c.obj)
                0x0000000008002390                z_impl_zephyr_fputc
 .text.__stdout_hook_install
                0x00000000080023a0       0x18 zephyr/lib/libc/picolibc/liblib__libc__picolibc.a(stdio.c.obj)
                0x00000000080023a0                __stdout_hook_install
 .text.malloc_prepare
                0x00000000080023b8       0x24 zephyr/lib/libc/common/liblib__libc__common.a(malloc.c.obj)
 .text.stm32_exti_isr
                0x00000000080023dc       0x50 zephyr/drivers/interrupt_controller/libdrivers__interrupt_controller.a(intc_exti_stm32.c.obj)
 .text.stm32_fill_irq_table
                0x000000000800242c       0x18 zephyr/drivers/interrupt_controller/libdrivers__interrupt_controller.a(intc_exti_stm32.c.obj)
 .text.stm32_exti_init
                0x0000000008002444       0xac zephyr/drivers/interrupt_controller/libdrivers__interrupt_controller.a(intc_exti_stm32.c.obj)
 .text.stm32_gpio_intc_enable_line
                0x00000000080024f0       0x2c zephyr/drivers/interrupt_controller/libdrivers__interrupt_controller.a(intc_exti_stm32.c.obj)
                0x00000000080024f0                stm32_gpio_intc_enable_line
 .text.stm32_gpio_intc_disable_line
                0x000000000800251c       0x10 zephyr/drivers/interrupt_controller/libdrivers__interrupt_controller.a(intc_exti_stm32.c.obj)
                0x000000000800251c                stm32_gpio_intc_disable_line
 .text.stm32_gpio_intc_select_line_trigger
                0x000000000800252c       0x50 zephyr/drivers/interrupt_controller/libdrivers__interrupt_controller.a(intc_exti_stm32.c.obj)
                0x000000000800252c                stm32_gpio_intc_select_line_trigger
 .text.stm32_gpio_intc_set_irq_callback
                0x000000000800257c       0x40 zephyr/drivers/interrupt_controller/libdrivers__interrupt_controller.a(intc_exti_stm32.c.obj)
                0x000000000800257c                stm32_gpio_intc_set_irq_callback
 .text.stm32_gpio_intc_remove_irq_callback
                0x00000000080025bc       0x24 zephyr/drivers/interrupt_controller/libdrivers__interrupt_controller.a(intc_exti_stm32.c.obj)
                0x00000000080025bc                stm32_gpio_intc_remove_irq_callback
 .text.stm32_exti_get_line_src_port
                0x00000000080025e0       0x30 zephyr/drivers/interrupt_controller/libdrivers__interrupt_controller.a(intc_exti_stm32.c.obj)
                0x00000000080025e0                stm32_exti_get_line_src_port
 .text.stm32_clock_control_get_subsys_rate
                0x0000000008002610       0xac zephyr/drivers/clock_control/libdrivers__clock_control.a(clock_stm32_ll_common.c.obj)
 .text.stm32_clock_control_init
                0x00000000080026bc      0x124 zephyr/drivers/clock_control/libdrivers__clock_control.a(clock_stm32_ll_common.c.obj)
                0x00000000080026bc                stm32_clock_control_init
 .text.get_pllsrc_frequency
                0x00000000080027e0        0x8 zephyr/drivers/clock_control/libdrivers__clock_control.a(clock_stm32f2_f4_f7.c.obj)
                0x00000000080027e0                get_pllsrc_frequency
 .text.config_pll_sysclock
                0x00000000080027e8       0x3c zephyr/drivers/clock_control/libdrivers__clock_control.a(clock_stm32f2_f4_f7.c.obj)
                0x00000000080027e8                config_pll_sysclock
 .text.config_enable_default_clocks
                0x0000000008002824       0x20 zephyr/drivers/clock_control/libdrivers__clock_control.a(clock_stm32f2_f4_f7.c.obj)
                0x0000000008002824                config_enable_default_clocks
 .text.uart_console_init
                0x0000000008002844       0x28 zephyr/drivers/console/libdrivers__console.a(uart_console.c.obj)
 .text.console_out
                0x000000000800286c       0x28 zephyr/drivers/console/libdrivers__console.a(uart_console.c.obj)
 .text.gpio_stm32_pin_interrupt_configure
                0x0000000008002894       0xb0 zephyr/drivers/gpio/libdrivers__gpio.a(gpio_stm32.c.obj)
 .text.gpio_stm32_init
                0x0000000008002944       0x30 zephyr/drivers/gpio/libdrivers__gpio.a(gpio_stm32.c.obj)
 .text.pinctrl_configure_pins
                0x0000000008002974       0x84 zephyr/drivers/pinctrl/libdrivers__pinctrl.a(pinctrl_stm32.c.obj)
                0x0000000008002974                pinctrl_configure_pins
 .text.uart_stm32_set_baudrate.part.0
                0x00000000080029f8       0x14 zephyr/drivers/serial/libdrivers__serial.a(uart_stm32.c.obj)
 .text.uart_stm32_parameters_set
                0x0000000008002a0c       0xf8 zephyr/drivers/serial/libdrivers__serial.a(uart_stm32.c.obj)
 .text.uart_stm32_init
                0x0000000008002b04       0xd8 zephyr/drivers/serial/libdrivers__serial.a(uart_stm32.c.obj)
 .text.uart_stm32_configure
                0x0000000008002bdc      0x13c zephyr/drivers/serial/libdrivers__serial.a(uart_stm32.c.obj)
 .text.elapsed  0x0000000008002d18       0x4c zephyr/drivers/timer/libdrivers__timer.a(cortex_m_systick.c.obj)
 .text.sys_clock_driver_init
                0x0000000008002d64       0x38 zephyr/drivers/timer/libdrivers__timer.a(cortex_m_systick.c.obj)
 .text.sys_clock_isr
                0x0000000008002d9c       0x60 zephyr/drivers/timer/libdrivers__timer.a(cortex_m_systick.c.obj)
                0x0000000008002d9c                sys_clock_isr
 .text.sys_clock_set_timeout
                0x0000000008002dfc       0xf8 zephyr/drivers/timer/libdrivers__timer.a(cortex_m_systick.c.obj)
                0x0000000008002dfc                sys_clock_set_timeout
 .text.sys_clock_elapsed
                0x0000000008002ef4       0x3c zephyr/drivers/timer/libdrivers__timer.a(cortex_m_systick.c.obj)
                0x0000000008002ef4                sys_clock_elapsed
 .text.sys_clock_cycle_get_32
                0x0000000008002f30       0x28 zephyr/drivers/timer/libdrivers__timer.a(cortex_m_systick.c.obj)
                0x0000000008002f30                sys_clock_cycle_get_32
 .text.HAL_RCC_GetSysClockFreq
                0x0000000008002f58       0x5c modules/hal_stm32/stm32cube/lib..__modules__hal__stm32__stm32cube.a(stm32f4xx_hal_rcc.c.obj)
                0x0000000008002f58                HAL_RCC_GetSysClockFreq
 .text.LL_SetFlashLatency
                0x0000000008002fb4       0x9c modules/hal_stm32/stm32cube/lib..__modules__hal__stm32__stm32cube.a(stm32f4xx_ll_utils.c.obj)
                0x0000000008002fb4                LL_SetFlashLatency
 .text._DoInit  0x0000000008003050       0x60 modules/segger/libmodules__segger.a(SEGGER_RTT.c.obj)
 .text.SEGGER_RTT_WriteSkipNoLock
                0x00000000080030b0       0x88 modules/segger/libmodules__segger.a(SEGGER_RTT.c.obj)
                0x00000000080030b0                SEGGER_RTT_WriteSkipNoLock
 .text.SEGGER_RTT_HasDataUp
                0x0000000008003138       0x14 modules/segger/libmodules__segger.a(SEGGER_RTT.c.obj)
                0x0000000008003138                SEGGER_RTT_HasDataUp
 .text.SEGGER_RTT_Init
                0x000000000800314c       0x2c modules/segger/libmodules__segger.a(SEGGER_RTT.c.obj)
                0x000000000800314c                SEGGER_RTT_Init
 .text.k_sys_fatal_error_handler
                0x0000000008003178       0x20 zephyr/kernel/libkernel.a(fatal.c.obj)
                0x0000000008003178                k_sys_fatal_error_handler
 .text.z_fatal_error
                0x0000000008003198       0xe8 zephyr/kernel/libkernel.a(fatal.c.obj)
                0x0000000008003198                z_fatal_error
 .text.z_sys_init_run_level
                0x0000000008003280       0x2c zephyr/kernel/libkernel.a(init.c.obj)
 .text.bg_thread_main
                0x00000000080032ac       0xc4 zephyr/kernel/libkernel.a(init.c.obj)
 .text.z_bss_zero
                0x0000000008003370       0x18 zephyr/kernel/libkernel.a(init.c.obj)
                0x0000000008003370                z_bss_zero
 .text.z_init_cpu
                0x0000000008003388       0x70 zephyr/kernel/libkernel.a(init.c.obj)
                0x0000000008003388                z_init_cpu
 .text.z_cstart
                0x00000000080033f8       0xd4 zephyr/kernel/libkernel.a(init.c.obj)
                0x00000000080033f8                z_cstart
 .text.z_impl_k_sem_give
                0x00000000080034cc       0x68 zephyr/kernel/libkernel.a(sem.c.obj)
                0x00000000080034cc                z_impl_k_sem_give
 .text.z_impl_k_sem_take
                0x0000000008003534       0x4c zephyr/kernel/libkernel.a(sem.c.obj)
                0x0000000008003534                z_impl_k_sem_take
 .text.z_setup_new_thread
                0x0000000008003580       0x98 zephyr/kernel/libkernel.a(thread.c.obj)
                0x0000000008003580                z_setup_new_thread
 .text.z_impl_k_thread_create
                0x0000000008003618       0x58 zephyr/kernel/libkernel.a(thread.c.obj)
                0x0000000008003618                z_impl_k_thread_create
 .text.z_dummy_thread_init
                0x0000000008003670       0x18 zephyr/kernel/libkernel.a(thread.c.obj)
                0x0000000008003670                z_dummy_thread_init
 .text.z_swap_irqlock
                0x0000000008003688       0x30 zephyr/kernel/libkernel.a(sched.c.obj)
 .text.ready_thread
                0x00000000080036b8       0x84 zephyr/kernel/libkernel.a(sched.c.obj)
 .text.unready_thread
                0x000000000800373c       0x54 zephyr/kernel/libkernel.a(sched.c.obj)
 .text.move_thread_to_end_of_prio_q
                0x0000000008003790       0x90 zephyr/kernel/libkernel.a(sched.c.obj)
                0x0000000008003790                move_thread_to_end_of_prio_q
 .text.z_pend_curr
                0x0000000008003820       0x58 zephyr/kernel/libkernel.a(sched.c.obj)
                0x0000000008003820                z_pend_curr
 .text.z_reschedule
                0x0000000008003878       0x24 zephyr/kernel/libkernel.a(sched.c.obj)
                0x0000000008003878                z_reschedule
 .text.z_reschedule_irqlock
                0x000000000800389c       0x28 zephyr/kernel/libkernel.a(sched.c.obj)
                0x000000000800389c                z_reschedule_irqlock
 .text.k_sched_lock
                0x00000000080038c4       0x28 zephyr/kernel/libkernel.a(sched.c.obj)
                0x00000000080038c4                k_sched_lock
 .text.k_sched_unlock
                0x00000000080038ec       0x68 zephyr/kernel/libkernel.a(sched.c.obj)
                0x00000000080038ec                k_sched_unlock
 .text.z_sched_init
                0x0000000008003954       0x10 zephyr/kernel/libkernel.a(sched.c.obj)
                0x0000000008003954                z_sched_init
 .text.z_impl_k_yield
                0x0000000008003964       0x88 zephyr/kernel/libkernel.a(sched.c.obj)
                0x0000000008003964                z_impl_k_yield
 .text.z_tick_sleep
                0x00000000080039ec       0x80 zephyr/kernel/libkernel.a(sched.c.obj)
 .text.z_impl_k_wakeup
                0x0000000008003a6c       0x48 zephyr/kernel/libkernel.a(sched.c.obj)
                0x0000000008003a6c                z_impl_k_wakeup
 .text.z_impl_k_sched_current_thread_query
                0x0000000008003ab4        0xc zephyr/kernel/libkernel.a(sched.c.obj)
                0x0000000008003ab4                z_impl_k_sched_current_thread_query
 .text.z_thread_abort
                0x0000000008003ac0      0x120 zephyr/kernel/libkernel.a(sched.c.obj)
                0x0000000008003ac0                z_thread_abort
 .text.slice_timeout
                0x0000000008003be0       0x20 zephyr/kernel/libkernel.a(timeslicing.c.obj)
 .text.thread_is_sliceable
                0x0000000008003c00       0x3c zephyr/kernel/libkernel.a(timeslicing.c.obj)
                0x0000000008003c00                thread_is_sliceable
 .text.z_reset_time_slice
                0x0000000008003c3c       0x50 zephyr/kernel/libkernel.a(timeslicing.c.obj)
                0x0000000008003c3c                z_reset_time_slice
 .text.z_time_slice
                0x0000000008003c8c       0x60 zephyr/kernel/libkernel.a(timeslicing.c.obj)
                0x0000000008003c8c                z_time_slice
 .text.z_data_copy
                0x0000000008003cec       0x38 zephyr/kernel/libkernel.a(xip.c.obj)
                0x0000000008003cec                z_data_copy
 .text.first    0x0000000008003d24       0x10 zephyr/kernel/libkernel.a(timeout.c.obj)
 .text.elapsed  0x0000000008003d34       0x14 zephyr/kernel/libkernel.a(timeout.c.obj)
 .text.remove_timeout
                0x0000000008003d48       0x38 zephyr/kernel/libkernel.a(timeout.c.obj)
 .text.z_add_timeout
                0x0000000008003d80       0xec zephyr/kernel/libkernel.a(timeout.c.obj)
                0x0000000008003d80                z_add_timeout
 .text.sys_clock_announce
                0x0000000008003e6c       0xbc zephyr/kernel/libkernel.a(timeout.c.obj)
                0x0000000008003e6c                sys_clock_announce
 .text.sys_clock_tick_get
                0x0000000008003f28       0x30 zephyr/kernel/libkernel.a(timeout.c.obj)
                0x0000000008003f28                sys_clock_tick_get
 .text.z_timer_expiration_handler
                0x0000000008003f58       0xe0 zephyr/kernel/libkernel.a(timer.c.obj)
                0x0000000008003f58                z_timer_expiration_handler
 .text.z_impl_k_timer_start
                0x0000000008004038       0x74 zephyr/kernel/libkernel.a(timer.c.obj)
                0x0000000008004038                z_impl_k_timer_start
 .text.boot_banner
                0x00000000080040ac        0xc zephyr/kernel/libkernel.a(banner.c.obj)
                0x00000000080040ac                boot_banner
 .text.snprintf
                0x00000000080040b8       0x58 /home/nazanin/zephyr-sdk-0.17.0/arm-zephyr-eabi/bin/../lib/gcc/../../picolibc/arm-zephyr-eabi/lib/thumb/v7e-m/nofp/libc.a(libc_tinystdio_snprintf.c.o)
                0x00000000080040b8                snprintf
 .text.__l_vfprintf
                0x0000000008004110      0x4b8 /home/nazanin/zephyr-sdk-0.17.0/arm-zephyr-eabi/bin/../lib/gcc/../../picolibc/arm-zephyr-eabi/lib/thumb/v7e-m/nofp/libc.a(libc_tinystdio_vflprintf.c.o)
                0x0000000008004110                __l_vfprintf
 .text._OffsetAbsSyms
                0x00000000080045c8        0x2 zephyr/CMakeFiles/offsets.dir/./arch/arm/core/offsets/offsets.c.obj
                0x00000000080045c8                _OffsetAbsSyms
 .text.main     0x00000000080045ca       0x10 app/libapp.a(main.c.obj)
                0x00000000080045ca                main
 .text.chunk_size
                0x00000000080045da        0xa zephyr/libzephyr.a(heap.c.obj)
 .text.free_list_add
                0x00000000080045e4       0x4e zephyr/libzephyr.a(heap.c.obj)
 .text.sys_heap_init
                0x0000000008004632       0x7a zephyr/libzephyr.a(heap.c.obj)
                0x0000000008004632                sys_heap_init
 .text.cbpprintf_external
                0x00000000080046ac       0x62 zephyr/libzephyr.a(cbprintf_packaged.c.obj)
                0x00000000080046ac                cbpprintf_external
 .text.is_ptr   0x000000000800470e       0x4a zephyr/libzephyr.a(cbprintf_packaged.c.obj)
                0x000000000800470e                is_ptr
 .text.arch_printk_char_out
                0x0000000008004758        0x4 zephyr/libzephyr.a(printk.c.obj)
                0x0000000008004758                arch_printk_char_out
 .text.printk   0x000000000800475c       0x1a zephyr/libzephyr.a(printk.c.obj)
                0x000000000800475c                printk
 .text.free_space
                0x0000000008004776       0x26 zephyr/libzephyr.a(mpsc_pbuf.c.obj)
 .text.get_usage
                0x000000000800479c       0x22 zephyr/libzephyr.a(mpsc_pbuf.c.obj)
 .text.idx_inc  0x00000000080047be       0x1c zephyr/libzephyr.a(mpsc_pbuf.c.obj)
 .text.rd_idx_inc
                0x00000000080047da       0x18 zephyr/libzephyr.a(mpsc_pbuf.c.obj)
 .text.add_skip_item
                0x00000000080047f2       0x3a zephyr/libzephyr.a(mpsc_pbuf.c.obj)
 .text.drop_item_locked
                0x000000000800482c      0x100 zephyr/libzephyr.a(mpsc_pbuf.c.obj)
 .text.post_drop_action
                0x000000000800492c       0x36 zephyr/libzephyr.a(mpsc_pbuf.c.obj)
 .text.max_utilization_update
                0x0000000008004962       0x1a zephyr/libzephyr.a(mpsc_pbuf.c.obj)
 .text.mpsc_pbuf_init
                0x000000000800497c       0x42 zephyr/libzephyr.a(mpsc_pbuf.c.obj)
                0x000000000800497c                mpsc_pbuf_init
 .text.mpsc_pbuf_alloc
                0x00000000080049be       0xfe zephyr/libzephyr.a(mpsc_pbuf.c.obj)
                0x00000000080049be                mpsc_pbuf_alloc
 .text.mpsc_pbuf_commit
                0x0000000008004abc       0x3e zephyr/libzephyr.a(mpsc_pbuf.c.obj)
                0x0000000008004abc                mpsc_pbuf_commit
 .text.mpsc_pbuf_claim
                0x0000000008004afa       0xa8 zephyr/libzephyr.a(mpsc_pbuf.c.obj)
                0x0000000008004afa                mpsc_pbuf_claim
 .text.mpsc_pbuf_free
                0x0000000008004ba2       0x76 zephyr/libzephyr.a(mpsc_pbuf.c.obj)
                0x0000000008004ba2                mpsc_pbuf_free
 .text.mpsc_pbuf_is_pending
                0x0000000008004c18       0x32 zephyr/libzephyr.a(mpsc_pbuf.c.obj)
                0x0000000008004c18                mpsc_pbuf_is_pending
 .text._ConfigAbsSyms
                0x0000000008004c4a        0x2 zephyr/libzephyr.a(configs.c.obj)
                0x0000000008004c4a                _ConfigAbsSyms
 .text.log_msg_generic_get_wlen
                0x0000000008004c4c       0x20 zephyr/libzephyr.a(log_core.c.obj)
 .text.dummy_timestamp
                0x0000000008004c6c        0x4 zephyr/libzephyr.a(log_core.c.obj)
 .text.atomic_inc
                0x0000000008004c70       0x1a zephyr/libzephyr.a(log_core.c.obj)
 .text.default_lf_get_timestamp
                0x0000000008004c8a       0x10 zephyr/libzephyr.a(log_core.c.obj)
 .text.z_log_vprintk
                0x0000000008004c9a       0x1c zephyr/libzephyr.a(log_core.c.obj)
                0x0000000008004c9a                z_log_vprintk
 .text.z_log_notify_drop
                0x0000000008004cb6        0x6 zephyr/libzephyr.a(log_core.c.obj)
 .text.z_log_get_tag
                0x0000000008004cbc        0x4 zephyr/libzephyr.a(log_core.c.obj)
                0x0000000008004cbc                z_log_get_tag
 .text.log_backend_enable
                0x0000000008004cc0       0x12 zephyr/libzephyr.a(log_mgmt.c.obj)
                0x0000000008004cc0                log_backend_enable
 .text.z_cbprintf_cpy
                0x0000000008004cd2       0x2c zephyr/libzephyr.a(log_msg.c.obj)
 .text.z_log_msg_finalize
                0x0000000008004cfe       0x32 zephyr/libzephyr.a(log_msg.c.obj)
                0x0000000008004cfe                z_log_msg_finalize
 .text.z_log_msg_simple_create
                0x0000000008004d30       0x6e zephyr/libzephyr.a(log_msg.c.obj)
 .text.z_impl_z_log_msg_simple_create_0
                0x0000000008004d9e       0x12 zephyr/libzephyr.a(log_msg.c.obj)
                0x0000000008004d9e                z_impl_z_log_msg_simple_create_0
 .text.z_impl_z_log_msg_simple_create_1
                0x0000000008004db0       0x14 zephyr/libzephyr.a(log_msg.c.obj)
                0x0000000008004db0                z_impl_z_log_msg_simple_create_1
 .text.log_output_write
                0x0000000008004dc4       0x1c zephyr/libzephyr.a(log_output.c.obj)
 .text.log_output_flush
                0x0000000008004de0       0x1a zephyr/libzephyr.a(log_output.c.obj)
 .text.out_func
                0x0000000008004dfa       0x36 zephyr/libzephyr.a(log_output.c.obj)
 .text.cr_out_func
                0x0000000008004e30       0x1c zephyr/libzephyr.a(log_output.c.obj)
 .text.log_output_msg_process
                0x0000000008004e4c       0x6a zephyr/libzephyr.a(log_output.c.obj)
                0x0000000008004e4c                log_output_msg_process
 .text.format_set
                0x0000000008004eb6        0xc zephyr/libzephyr.a(log_backend_uart.c.obj)
 .text.log_backend_uart_init
                0x0000000008004ec2        0xc zephyr/libzephyr.a(log_backend_uart.c.obj)
 .text.panic    0x0000000008004ece       0x32 zephyr/libzephyr.a(log_backend_uart.c.obj)
 .text.dropped  0x0000000008004f00        0xa zephyr/libzephyr.a(log_backend_uart.c.obj)
 .text.process  0x0000000008004f0a       0x1e zephyr/libzephyr.a(log_backend_uart.c.obj)
 .text.z_do_kernel_oops
                0x0000000008004f28        0x8 zephyr/arch/arch/arm/core/libarch__arm__core.a(fatal.c.obj)
                0x0000000008004f28                z_do_kernel_oops
 .text.z_log_msg_simple_create_0.constprop.0
                0x0000000008004f30        0x8 zephyr/arch/arch/arm/core/cortex_m/libarch__arm__core__cortex_m.a(fault.c.obj)
 .text.z_irq_spurious
                0x0000000008004f38        0x8 zephyr/arch/arch/arm/core/cortex_m/libarch__arm__core__cortex_m.a(irq_manage.c.obj)
                0x0000000008004f38                z_irq_spurious
 .text.arch_irq_unlock_outlined
                0x0000000008004f40        0xe zephyr/arch/arch/arm/core/cortex_m/libarch__arm__core__cortex_m.a(thread.c.obj)
                0x0000000008004f40                arch_irq_unlock_outlined
 .text.arch_cpu_idle
                0x0000000008004f4e       0x1a zephyr/arch/arch/arm/core/cortex_m/libarch__arm__core__cortex_m.a(cpu_idle.c.obj)
                0x0000000008004f4e                arch_cpu_idle
 .text.size_to_mpu_rasr_size
                0x0000000008004f68       0x20 zephyr/arch/arch/arm/core/mpu/libarch__arm__core__mpu.a(arm_mpu.c.obj)
 .text.cbputc   0x0000000008004f88        0xc zephyr/lib/libc/picolibc/liblib__libc__picolibc.a(cbprintf.c.obj)
 .text.picolibc_put
                0x0000000008004f94        0xa zephyr/lib/libc/picolibc/liblib__libc__picolibc.a(stdio.c.obj)
 .text.stm32_gpio_intc_get_pin_irq_line
                0x0000000008004f9e        0x6 zephyr/drivers/interrupt_controller/libdrivers__interrupt_controller.a(intc_exti_stm32.c.obj)
                0x0000000008004f9e                stm32_gpio_intc_get_pin_irq_line
 .text.stm32_exti_set_line_src_port
                0x0000000008004fa4       0x36 zephyr/drivers/interrupt_controller/libdrivers__interrupt_controller.a(intc_exti_stm32.c.obj)
                0x0000000008004fa4                stm32_exti_set_line_src_port
 .text.stm32_clock_control_on
                0x0000000008004fda       0x44 zephyr/drivers/clock_control/libdrivers__clock_control.a(clock_stm32_ll_common.c.obj)
 .text.stm32_clock_control_off
                0x000000000800501e       0x2c zephyr/drivers/clock_control/libdrivers__clock_control.a(clock_stm32_ll_common.c.obj)
 .text.enabled_clock
                0x000000000800504a       0x1c zephyr/drivers/clock_control/libdrivers__clock_control.a(clock_stm32_ll_common.c.obj)
                0x000000000800504a                enabled_clock
 .text.stm32_clock_control_configure
                0x0000000008005066       0x52 zephyr/drivers/clock_control/libdrivers__clock_control.a(clock_stm32_ll_common.c.obj)
 .text.stm32_clock_control_get_status
                0x00000000080050b8       0x38 zephyr/drivers/clock_control/libdrivers__clock_control.a(clock_stm32_ll_common.c.obj)
 .text.config_regulator_voltage
                0x00000000080050f0        0x2 zephyr/drivers/clock_control/libdrivers__clock_control.a(clock_stm32_ll_common.c.obj)
                0x00000000080050f0                config_regulator_voltage
 .text.gpio_stm32_port_get_raw
                0x00000000080050f2        0xc zephyr/drivers/gpio/libdrivers__gpio.a(gpio_stm32.c.obj)
 .text.gpio_stm32_port_set_masked_raw
                0x00000000080050fe       0x12 zephyr/drivers/gpio/libdrivers__gpio.a(gpio_stm32.c.obj)
 .text.gpio_stm32_port_set_bits_raw
                0x0000000008005110        0xa zephyr/drivers/gpio/libdrivers__gpio.a(gpio_stm32.c.obj)
 .text.gpio_stm32_port_clear_bits_raw
                0x000000000800511a        0xc zephyr/drivers/gpio/libdrivers__gpio.a(gpio_stm32.c.obj)
 .text.gpio_stm32_port_toggle_bits
                0x0000000008005126        0xe zephyr/drivers/gpio/libdrivers__gpio.a(gpio_stm32.c.obj)
 .text.gpio_stm32_manage_callback
                0x0000000008005134       0x52 zephyr/drivers/gpio/libdrivers__gpio.a(gpio_stm32.c.obj)
 .text.gpio_stm32_configure_raw.isra.0
                0x0000000008005186      0x106 zephyr/drivers/gpio/libdrivers__gpio.a(gpio_stm32.c.obj)
 .text.gpio_stm32_config
                0x000000000800528c       0xd8 zephyr/drivers/gpio/libdrivers__gpio.a(gpio_stm32.c.obj)
 .text.gpio_stm32_isr
                0x0000000008005364       0x2c zephyr/drivers/gpio/libdrivers__gpio.a(gpio_stm32.c.obj)
 .text.gpio_stm32_configure
                0x0000000008005390       0x30 zephyr/drivers/gpio/libdrivers__gpio.a(gpio_stm32.c.obj)
                0x0000000008005390                gpio_stm32_configure
 .text.pinctrl_lookup_state
                0x00000000080053c0       0x26 zephyr/drivers/pinctrl/libdrivers__pinctrl.a(common.c.obj)
                0x00000000080053c0                pinctrl_lookup_state
 .text.reset_stm32_status
                0x00000000080053e6       0x20 zephyr/drivers/reset/libdrivers__reset.a(reset_stm32.c.obj)
 .text.reset_stm32_line_assert
                0x0000000008005406       0x1c zephyr/drivers/reset/libdrivers__reset.a(reset_stm32.c.obj)
 .text.reset_stm32_line_deassert
                0x0000000008005422       0x1e zephyr/drivers/reset/libdrivers__reset.a(reset_stm32.c.obj)
 .text.reset_stm32_line_toggle
                0x0000000008005440       0x16 zephyr/drivers/reset/libdrivers__reset.a(reset_stm32.c.obj)
 .text.LL_USART_ClearFlag_PE
                0x0000000008005456       0x12 zephyr/drivers/serial/libdrivers__serial.a(uart_stm32.c.obj)
 .text.uart_stm32_err_check
                0x0000000008005468       0x5e zephyr/drivers/serial/libdrivers__serial.a(uart_stm32.c.obj)
 .text.uart_stm32_poll_out
                0x00000000080054c6       0x36 zephyr/drivers/serial/libdrivers__serial.a(uart_stm32.c.obj)
 .text.uart_stm32_poll_in
                0x00000000080054fc       0x22 zephyr/drivers/serial/libdrivers__serial.a(uart_stm32.c.obj)
 .text.uart_stm32_config_get
                0x000000000800551e       0x8e zephyr/drivers/serial/libdrivers__serial.a(uart_stm32.c.obj)
 .text.uart_stm32_set_baudrate
                0x00000000080055ac       0x58 zephyr/drivers/serial/libdrivers__serial.a(uart_stm32.c.obj)
 .text.rtt_init
                0x0000000008005604        0xa modules/segger/libmodules__segger.a(SEGGER_RTT_zephyr.c.obj)
 .text.zephyr_rtt_irq_lock
                0x000000000800560e       0x10 modules/segger/libmodules__segger.a(SEGGER_RTT_zephyr.c.obj)
                0x000000000800560e                zephyr_rtt_irq_lock
 .text.zephyr_rtt_irq_unlock
                0x000000000800561e        0xa modules/segger/libmodules__segger.a(SEGGER_RTT_zephyr.c.obj)
                0x000000000800561e                zephyr_rtt_irq_unlock
 .text.z_impl_k_busy_wait
                0x0000000008005628       0x1c zephyr/kernel/libkernel.a(busy_wait.c.obj)
                0x0000000008005628                z_impl_k_busy_wait
 .text.z_device_state_init
                0x0000000008005644        0x2 zephyr/kernel/libkernel.a(device.c.obj)
                0x0000000008005644                z_device_state_init
 .text.z_impl_device_is_ready
                0x0000000008005646       0x16 zephyr/kernel/libkernel.a(device.c.obj)
                0x0000000008005646                z_impl_device_is_ready
 .text.arch_system_halt
                0x000000000800565c       0x10 zephyr/kernel/libkernel.a(fatal.c.obj)
                0x000000000800565c                arch_system_halt
 .text.do_device_init
                0x000000000800566c       0x30 zephyr/kernel/libkernel.a(init.c.obj)
 .text.z_early_memset
                0x000000000800569c        0x4 zephyr/kernel/libkernel.a(init.c.obj)
                0x000000000800569c                z_early_memset
 .text.z_early_memcpy
                0x00000000080056a0        0x4 zephyr/kernel/libkernel.a(init.c.obj)
                0x00000000080056a0                z_early_memcpy
 .text.z_init_static
                0x00000000080056a4        0x2 zephyr/kernel/libkernel.a(init_static.c.obj)
                0x00000000080056a4                z_init_static
 .text.idle     0x00000000080056a6       0x16 zephyr/kernel/libkernel.a(idle.c.obj)
                0x00000000080056a6                idle
 .text.z_impl_k_sem_init
                0x00000000080056bc       0x18 zephyr/kernel/libkernel.a(sem.c.obj)
                0x00000000080056bc                z_impl_k_sem_init
 .text.k_is_in_isr
                0x00000000080056d4        0xc zephyr/kernel/libkernel.a(thread.c.obj)
                0x00000000080056d4                k_is_in_isr
 .text.z_impl_k_thread_name_set
                0x00000000080056e0        0x6 zephyr/kernel/libkernel.a(thread.c.obj)
                0x00000000080056e0                z_impl_k_thread_name_set
 .text.k_thread_name_get
                0x00000000080056e6        0x4 zephyr/kernel/libkernel.a(thread.c.obj)
                0x00000000080056e6                k_thread_name_get
 .text.sys_dlist_remove
                0x00000000080056ea       0x10 zephyr/kernel/libkernel.a(sched.c.obj)
 .text.unpend_thread_no_timeout
                0x00000000080056fa       0x14 zephyr/kernel/libkernel.a(sched.c.obj)
 .text.add_to_waitq_locked
                0x000000000800570e       0x50 zephyr/kernel/libkernel.a(sched.c.obj)
 .text.z_ready_thread
                0x000000000800575e       0x1e zephyr/kernel/libkernel.a(sched.c.obj)
                0x000000000800575e                z_ready_thread
 .text.z_unpend_thread_no_timeout
                0x000000000800577c       0x22 zephyr/kernel/libkernel.a(sched.c.obj)
                0x000000000800577c                z_unpend_thread_no_timeout
 .text.z_sched_wake_thread
                0x000000000800579e       0x3a zephyr/kernel/libkernel.a(sched.c.obj)
                0x000000000800579e                z_sched_wake_thread
 .text.z_thread_timeout
                0x00000000080057d8        0x8 zephyr/kernel/libkernel.a(sched.c.obj)
                0x00000000080057d8                z_thread_timeout
 .text.z_unpend1_no_timeout
                0x00000000080057e0       0x2c zephyr/kernel/libkernel.a(sched.c.obj)
                0x00000000080057e0                z_unpend1_no_timeout
 .text.z_impl_k_sleep
                0x000000000800580c       0x32 zephyr/kernel/libkernel.a(sched.c.obj)
                0x000000000800580c                z_impl_k_sleep
 .text.next_timeout
                0x000000000800583e       0x32 zephyr/kernel/libkernel.a(timeout.c.obj)
 .text.z_abort_timeout
                0x0000000008005870       0x42 zephyr/kernel/libkernel.a(timeout.c.obj)
                0x0000000008005870                z_abort_timeout
 .text.sys_clock_tick_get_32
                0x00000000080058b2        0x8 zephyr/kernel/libkernel.a(timeout.c.obj)
                0x00000000080058b2                sys_clock_tick_get_32
 .text.z_impl_k_uptime_ticks
                0x00000000080058ba        0x4 zephyr/kernel/libkernel.a(timeout.c.obj)
                0x00000000080058ba                z_impl_k_uptime_ticks
 .text.k_timer_init
                0x00000000080058be       0x18 zephyr/kernel/libkernel.a(timer.c.obj)
                0x00000000080058be                k_timer_init
 .text.z_impl_k_timer_stop
                0x00000000080058d6       0x38 zephyr/kernel/libkernel.a(timer.c.obj)
                0x00000000080058d6                z_impl_k_timer_stop
 .text.memcpy   0x000000000800590e       0x1c /home/nazanin/zephyr-sdk-0.17.0/arm-zephyr-eabi/bin/../lib/gcc/../../picolibc/arm-zephyr-eabi/lib/thumb/v7e-m/nofp/libc.a(memcpy.c.o)
                0x000000000800590e                memcpy
                0x000000000800590e                __aeabi_memcpy
                0x000000000800590e                __aeabi_memcpy4
                0x000000000800590e                __aeabi_memcpy8
 .text.memset   0x000000000800592a       0x10 /home/nazanin/zephyr-sdk-0.17.0/arm-zephyr-eabi/bin/../lib/gcc/../../picolibc/arm-zephyr-eabi/lib/thumb/v7e-m/nofp/libc.a(memset.c.o)
                0x000000000800592a                memset
 .text.strnlen  0x000000000800593a       0x18 /home/nazanin/zephyr-sdk-0.17.0/arm-zephyr-eabi/bin/../lib/gcc/../../picolibc/arm-zephyr-eabi/lib/thumb/v7e-m/nofp/libc.a(libc_string_strnlen.c.o)
                0x000000000800593a                strnlen
 .text.__ultoa_invert
                0x0000000008005952       0xae /home/nazanin/zephyr-sdk-0.17.0/arm-zephyr-eabi/bin/../lib/gcc/../../picolibc/arm-zephyr-eabi/lib/thumb/v7e-m/nofp/libc.a(libc_tinystdio_vflprintf.c.o)
 .text.__file_str_put
                0x0000000008005a00       0x10 /home/nazanin/zephyr-sdk-0.17.0/arm-zephyr-eabi/bin/../lib/gcc/../../picolibc/arm-zephyr-eabi/lib/thumb/v7e-m/nofp/libc.a(libc_tinystdio_filestrput.c.o)
                0x0000000008005a00                __file_str_put
 *(SORT_BY_ALIGNMENT(.TEXT.*))
 .TEXT.__aeabi_read_tp
                0x0000000008005a10        0xc zephyr/arch/arch/arm/core/cortex_m/libarch__arm__core__cortex_m.a(__aeabi_read_tp.S.obj)
                0x0000000008005a10                __aeabi_read_tp
 *(SORT_BY_ALIGNMENT(.gnu.linkonce.t.*))
 *(SORT_BY_ALIGNMENT(.glue_7t))
 .glue_7t       0x0000000008005a1c        0x0 linker stubs
 *(SORT_BY_ALIGNMENT(.glue_7))
 .glue_7        0x0000000008005a1c        0x0 linker stubs
 *(SORT_BY_ALIGNMENT(.vfp11_veneer))
 .vfp11_veneer  0x0000000008005a1c        0x0 linker stubs
 *(SORT_BY_ALIGNMENT(.v4_bx))
 .v4_bx         0x0000000008005a1c        0x0 linker stubs
                0x0000000008005a1c                . = ALIGN (0x4)
                0x0000000008005a1c                __text_region_end = .

.ARM.exidx      0x0000000008005a1c        0x8
                0x0000000008005a1c                __exidx_start = .
 *(SORT_BY_ALIGNMENT(.ARM.exidx*) SORT_BY_ALIGNMENT(gnu.linkonce.armexidx.*))
 .ARM.exidx     0x0000000008005a1c        0x8 /home/nazanin/zephyr-sdk-0.17.0/arm-zephyr-eabi/bin/../lib/gcc/../../picolibc/arm-zephyr-eabi/lib/thumb/v7e-m/nofp/libc.a(strlen.S.o)
 .ARM.exidx     0x0000000008005a24        0x0 /home/nazanin/zephyr-sdk-0.17.0/arm-zephyr-eabi/bin/../lib/gcc/arm-zephyr-eabi/12.2.0/thumb/v7e-m/nofp/libgcc.a(_udivmoddi4.o)
                                          0x8 (size before relaxing)
                0x0000000008005a24                __exidx_end = .
                0x0000000008005a24                __rodata_region_start = .

initlevel       0x0000000008005a24       0x98
                0x0000000008005a24                __init_start = .
                0x0000000008005a24                __init_EARLY_start = .
 *(SORT_BY_NAME(SORT_BY_ALIGNMENT(.z_init_EARLY?_*)))
 *(SORT_BY_NAME(SORT_BY_ALIGNMENT(.z_init_EARLY??_*)))
                0x0000000008005a24                __init_PRE_KERNEL_1_start = .
 *(SORT_BY_NAME(SORT_BY_ALIGNMENT(.z_init_PRE_KERNEL_1?_*)))
 .z_init_PRE_KERNEL_11_00009_
                0x0000000008005a24        0x8 zephyr/drivers/clock_control/libdrivers__clock_control.a(clock_stm32_ll_common.c.obj)
 .z_init_PRE_KERNEL_11_0_
                0x0000000008005a2c        0x8 zephyr/libzephyr.a(soc_config.c.obj)
 *(SORT_BY_NAME(SORT_BY_ALIGNMENT(.z_init_PRE_KERNEL_1??_*)))
 .z_init_PRE_KERNEL_130_0_
                0x0000000008005a34        0x8 modules/segger/libmodules__segger.a(SEGGER_RTT_zephyr.c.obj)
 .z_init_PRE_KERNEL_135_00045_
                0x0000000008005a3c        0x8 zephyr/drivers/reset/libdrivers__reset.a(reset_stm32.c.obj)
 .z_init_PRE_KERNEL_140_00036_
                0x0000000008005a44        0x8 zephyr/drivers/gpio/libdrivers__gpio.a(gpio_stm32.c.obj)
 .z_init_PRE_KERNEL_140_00039_
                0x0000000008005a4c        0x8 zephyr/drivers/gpio/libdrivers__gpio.a(gpio_stm32.c.obj)
 .z_init_PRE_KERNEL_140_00055_
                0x0000000008005a54        0x8 zephyr/drivers/interrupt_controller/libdrivers__interrupt_controller.a(intc_exti_stm32.c.obj)
 .z_init_PRE_KERNEL_140_00070_
                0x0000000008005a5c        0x8 zephyr/drivers/gpio/libdrivers__gpio.a(gpio_stm32.c.obj)
 .z_init_PRE_KERNEL_140_00088_
                0x0000000008005a64        0x8 zephyr/drivers/gpio/libdrivers__gpio.a(gpio_stm32.c.obj)
 .z_init_PRE_KERNEL_140_00089_
                0x0000000008005a6c        0x8 zephyr/drivers/gpio/libdrivers__gpio.a(gpio_stm32.c.obj)
 .z_init_PRE_KERNEL_140_00090_
                0x0000000008005a74        0x8 zephyr/drivers/gpio/libdrivers__gpio.a(gpio_stm32.c.obj)
 .z_init_PRE_KERNEL_140_00091_
                0x0000000008005a7c        0x8 zephyr/drivers/gpio/libdrivers__gpio.a(gpio_stm32.c.obj)
 .z_init_PRE_KERNEL_140_00092_
                0x0000000008005a84        0x8 zephyr/drivers/gpio/libdrivers__gpio.a(gpio_stm32.c.obj)
 .z_init_PRE_KERNEL_150_00059_
                0x0000000008005a8c        0x8 zephyr/drivers/serial/libdrivers__serial.a(uart_stm32.c.obj)
 .z_init_PRE_KERNEL_150_00062_
                0x0000000008005a94        0x8 zephyr/drivers/serial/libdrivers__serial.a(uart_stm32.c.obj)
 .z_init_PRE_KERNEL_160_0_
                0x0000000008005a9c        0x8 zephyr/drivers/console/libdrivers__console.a(uart_console.c.obj)
                0x0000000008005aa4                __init_PRE_KERNEL_2_start = .
 *(SORT_BY_NAME(SORT_BY_ALIGNMENT(.z_init_PRE_KERNEL_2?_*)))
 .z_init_PRE_KERNEL_20_0_
                0x0000000008005aa4        0x8 zephyr/drivers/timer/libdrivers__timer.a(cortex_m_systick.c.obj)
 *(SORT_BY_NAME(SORT_BY_ALIGNMENT(.z_init_PRE_KERNEL_2??_*)))
                0x0000000008005aac                __init_POST_KERNEL_start = .
 *(SORT_BY_NAME(SORT_BY_ALIGNMENT(.z_init_POST_KERNEL?_*)))
 .z_init_POST_KERNEL0_0_
                0x0000000008005aac        0x8 zephyr/libzephyr.a(log_core.c.obj)
 *(SORT_BY_NAME(SORT_BY_ALIGNMENT(.z_init_POST_KERNEL??_*)))
 .z_init_POST_KERNEL35_0_
                0x0000000008005ab4        0x8 zephyr/lib/libc/common/liblib__libc__common.a(malloc.c.obj)
                0x0000000008005abc                __init_APPLICATION_start = .
 *(SORT_BY_NAME(SORT_BY_ALIGNMENT(.z_init_APPLICATION?_*)))
 *(SORT_BY_NAME(SORT_BY_ALIGNMENT(.z_init_APPLICATION??_*)))
                0x0000000008005abc                __init_SMP_start = .
 *(SORT_BY_NAME(SORT_BY_ALIGNMENT(.z_init_SMP?_*)))
 *(SORT_BY_NAME(SORT_BY_ALIGNMENT(.z_init_SMP??_*)))
                0x0000000008005abc                __init_end = .
                0x0000000008005abc                __deferred_init_list_start = .
 *(SORT_BY_ALIGNMENT(.z_deferred_init*))
                0x0000000008005abc                __deferred_init_list_end = .

device_area     0x0000000008005abc      0x104
                0x0000000008005abc                _device_list_start = .
 *(SORT_BY_NAME(SORT_BY_ALIGNMENT(._device.static.*_?_*)))
 ._device.static.1_1_
                0x0000000008005abc       0x14 zephyr/drivers/clock_control/libdrivers__clock_control.a(clock_stm32_ll_common.c.obj)
                0x0000000008005abc                __device_dts_ord_9
 *(SORT_BY_NAME(SORT_BY_ALIGNMENT(._device.static.*_??_*)))
 ._device.static.1_35_
                0x0000000008005ad0       0x14 zephyr/drivers/reset/libdrivers__reset.a(reset_stm32.c.obj)
                0x0000000008005ad0                __device_dts_ord_45
 ._device.static.1_40_
                0x0000000008005ae4       0x14 zephyr/drivers/interrupt_controller/libdrivers__interrupt_controller.a(intc_exti_stm32.c.obj)
                0x0000000008005ae4                __device_dts_ord_55
 ._device.static.1_40_
                0x0000000008005af8       0xa0 zephyr/drivers/gpio/libdrivers__gpio.a(gpio_stm32.c.obj)
                0x0000000008005af8                __device_dts_ord_92
                0x0000000008005b0c                __device_dts_ord_91
                0x0000000008005b20                __device_dts_ord_90
                0x0000000008005b34                __device_dts_ord_89
                0x0000000008005b48                __device_dts_ord_88
                0x0000000008005b5c                __device_dts_ord_36
                0x0000000008005b70                __device_dts_ord_70
                0x0000000008005b84                __device_dts_ord_39
 ._device.static.1_50_
                0x0000000008005b98       0x28 zephyr/drivers/serial/libdrivers__serial.a(uart_stm32.c.obj)
                0x0000000008005b98                __device_dts_ord_59
                0x0000000008005bac                __device_dts_ord_62
 *(SORT_BY_NAME(SORT_BY_ALIGNMENT(._device.static.*_???_*)))
 *(SORT_BY_NAME(SORT_BY_ALIGNMENT(._device.static.*_????_*)))
 *(SORT_BY_NAME(SORT_BY_ALIGNMENT(._device.static.*_?????_*)))
                0x0000000008005bc0                _device_list_end = .

sw_isr_table    0x0000000008005bc0      0x2a8
                0x0000000008005bc0                . = ALIGN (0x4)
 *(SORT_BY_ALIGNMENT(.gnu.linkonce.sw_isr_table*))
 .gnu.linkonce.sw_isr_table
                0x0000000008005bc0      0x2a8 zephyr/arch/common/libisr_tables.a(isr_tables.c.obj)
                0x0000000008005bc0                _sw_isr_table

initlevel_error
                0x0000000008005a24        0x0
 *(SORT_BY_NAME(SORT_BY_ALIGNMENT(.z_init_[_A-Z0-9]*)))
                0x0000000000000001                ASSERT ((SIZEOF (initlevel_error) == 0x0), Undefined initialization levels used.)

app_shmem_regions
                0x0000000008005e68        0x0
                0x0000000008005e68                __app_shmem_regions_start = .
 *(SORT_BY_NAME(SORT_BY_ALIGNMENT(.app_regions.*)))
                0x0000000008005e68                __app_shmem_regions_end = .

k_p4wq_initparam_area
                0x0000000008005e68        0x0
                0x0000000008005e68                _k_p4wq_initparam_list_start = .
 *(SORT_BY_NAME(SORT_BY_ALIGNMENT(._k_p4wq_initparam.static.*)))
                0x0000000008005e68                _k_p4wq_initparam_list_end = .

_static_thread_data_area
                0x0000000008005e68        0x0
                0x0000000008005e68                __static_thread_data_list_start = .
 *(SORT_BY_NAME(SORT_BY_ALIGNMENT(.__static_thread_data.static.*)))
                0x0000000008005e68                __static_thread_data_list_end = .

device_deps     0x0000000008005e68        0x0
                0x0000000008005e68                __device_deps_start = .
 *(SORT_BY_NAME(SORT_BY_ALIGNMENT(.__device_deps_pass2*)))
                0x0000000008005e68                __device_deps_end = .

gpio_driver_api_area
                0x0000000008005e68       0x24
                0x0000000008005e68                _gpio_driver_api_list_start = .
 *(SORT_BY_NAME(SORT_BY_ALIGNMENT(._gpio_driver_api.static.*)))
 ._gpio_driver_api.static.gpio_stm32_driver_
                0x0000000008005e68       0x24 zephyr/drivers/gpio/libdrivers__gpio.a(gpio_stm32.c.obj)
                0x0000000008005e8c                _gpio_driver_api_list_end = .

reset_driver_api_area
                0x0000000008005e8c       0x10
                0x0000000008005e8c                _reset_driver_api_list_start = .
 *(SORT_BY_NAME(SORT_BY_ALIGNMENT(._reset_driver_api.static.*)))
 ._reset_driver_api.static.reset_stm32_driver_api_
                0x0000000008005e8c       0x10 zephyr/drivers/reset/libdrivers__reset.a(reset_stm32.c.obj)
                0x0000000008005e9c                _reset_driver_api_list_end = .

shared_irq_driver_api_area
                0x0000000008005e9c        0x0
                0x0000000008005e9c                _shared_irq_driver_api_list_start = .
 *(SORT_BY_NAME(SORT_BY_ALIGNMENT(._shared_irq_driver_api.static.*)))
                0x0000000008005e9c                _shared_irq_driver_api_list_end = .

crypto_driver_api_area
                0x0000000008005e9c        0x0
                0x0000000008005e9c                _crypto_driver_api_list_start = .
 *(SORT_BY_NAME(SORT_BY_ALIGNMENT(._crypto_driver_api.static.*)))
                0x0000000008005e9c                _crypto_driver_api_list_end = .

adc_driver_api_area
                0x0000000008005e9c        0x0
                0x0000000008005e9c                _adc_driver_api_list_start = .
 *(SORT_BY_NAME(SORT_BY_ALIGNMENT(._adc_driver_api.static.*)))
                0x0000000008005e9c                _adc_driver_api_list_end = .

auxdisplay_driver_api_area
                0x0000000008005e9c        0x0
                0x0000000008005e9c                _auxdisplay_driver_api_list_start = .
 *(SORT_BY_NAME(SORT_BY_ALIGNMENT(._auxdisplay_driver_api.static.*)))
                0x0000000008005e9c                _auxdisplay_driver_api_list_end = .

bbram_driver_api_area
                0x0000000008005e9c        0x0
                0x0000000008005e9c                _bbram_driver_api_list_start = .
 *(SORT_BY_NAME(SORT_BY_ALIGNMENT(._bbram_driver_api.static.*)))
                0x0000000008005e9c                _bbram_driver_api_list_end = .

bt_hci_driver_api_area
                0x0000000008005e9c        0x0
                0x0000000008005e9c                _bt_hci_driver_api_list_start = .
 *(SORT_BY_NAME(SORT_BY_ALIGNMENT(._bt_hci_driver_api.static.*)))
                0x0000000008005e9c                _bt_hci_driver_api_list_end = .

can_driver_api_area
                0x0000000008005e9c        0x0
                0x0000000008005e9c                _can_driver_api_list_start = .
 *(SORT_BY_NAME(SORT_BY_ALIGNMENT(._can_driver_api.static.*)))
                0x0000000008005e9c                _can_driver_api_list_end = .

cellular_driver_api_area
                0x0000000008005e9c        0x0
                0x0000000008005e9c                _cellular_driver_api_list_start = .
 *(SORT_BY_NAME(SORT_BY_ALIGNMENT(._cellular_driver_api.static.*)))
                0x0000000008005e9c                _cellular_driver_api_list_end = .

charger_driver_api_area
                0x0000000008005e9c        0x0
                0x0000000008005e9c                _charger_driver_api_list_start = .
 *(SORT_BY_NAME(SORT_BY_ALIGNMENT(._charger_driver_api.static.*)))
                0x0000000008005e9c                _charger_driver_api_list_end = .

clock_control_driver_api_area
                0x0000000008005e9c       0x1c
                0x0000000008005e9c                _clock_control_driver_api_list_start = .
 *(SORT_BY_NAME(SORT_BY_ALIGNMENT(._clock_control_driver_api.static.*)))
 ._clock_control_driver_api.static.stm32_clock_control_api_
                0x0000000008005e9c       0x1c zephyr/drivers/clock_control/libdrivers__clock_control.a(clock_stm32_ll_common.c.obj)
                0x0000000008005eb8                _clock_control_driver_api_list_end = .

comparator_driver_api_area
                0x0000000008005eb8        0x0
                0x0000000008005eb8                _comparator_driver_api_list_start = .
 *(SORT_BY_NAME(SORT_BY_ALIGNMENT(._comparator_driver_api.static.*)))
                0x0000000008005eb8                _comparator_driver_api_list_end = .

coredump_driver_api_area
                0x0000000008005eb8        0x0
                0x0000000008005eb8                _coredump_driver_api_list_start = .
 *(SORT_BY_NAME(SORT_BY_ALIGNMENT(._coredump_driver_api.static.*)))
                0x0000000008005eb8                _coredump_driver_api_list_end = .

counter_driver_api_area
                0x0000000008005eb8        0x0
                0x0000000008005eb8                _counter_driver_api_list_start = .
 *(SORT_BY_NAME(SORT_BY_ALIGNMENT(._counter_driver_api.static.*)))
                0x0000000008005eb8                _counter_driver_api_list_end = .

dac_driver_api_area
                0x0000000008005eb8        0x0
                0x0000000008005eb8                _dac_driver_api_list_start = .
 *(SORT_BY_NAME(SORT_BY_ALIGNMENT(._dac_driver_api.static.*)))
                0x0000000008005eb8                _dac_driver_api_list_end = .

dai_driver_api_area
                0x0000000008005eb8        0x0
                0x0000000008005eb8                _dai_driver_api_list_start = .
 *(SORT_BY_NAME(SORT_BY_ALIGNMENT(._dai_driver_api.static.*)))
                0x0000000008005eb8                _dai_driver_api_list_end = .

display_driver_api_area
                0x0000000008005eb8        0x0
                0x0000000008005eb8                _display_driver_api_list_start = .
 *(SORT_BY_NAME(SORT_BY_ALIGNMENT(._display_driver_api.static.*)))
                0x0000000008005eb8                _display_driver_api_list_end = .

dma_driver_api_area
                0x0000000008005eb8        0x0
                0x0000000008005eb8                _dma_driver_api_list_start = .
 *(SORT_BY_NAME(SORT_BY_ALIGNMENT(._dma_driver_api.static.*)))
                0x0000000008005eb8                _dma_driver_api_list_end = .

edac_driver_api_area
                0x0000000008005eb8        0x0
                0x0000000008005eb8                _edac_driver_api_list_start = .
 *(SORT_BY_NAME(SORT_BY_ALIGNMENT(._edac_driver_api.static.*)))
                0x0000000008005eb8                _edac_driver_api_list_end = .

eeprom_driver_api_area
                0x0000000008005eb8        0x0
                0x0000000008005eb8                _eeprom_driver_api_list_start = .
 *(SORT_BY_NAME(SORT_BY_ALIGNMENT(._eeprom_driver_api.static.*)))
                0x0000000008005eb8                _eeprom_driver_api_list_end = .

emul_bbram_driver_api_area
                0x0000000008005eb8        0x0
                0x0000000008005eb8                _emul_bbram_driver_api_list_start = .
 *(SORT_BY_NAME(SORT_BY_ALIGNMENT(._emul_bbram_driver_api.static.*)))
                0x0000000008005eb8                _emul_bbram_driver_api_list_end = .

fuel_gauge_emul_driver_api_area
                0x0000000008005eb8        0x0
                0x0000000008005eb8                _fuel_gauge_emul_driver_api_list_start = .
 *(SORT_BY_NAME(SORT_BY_ALIGNMENT(._fuel_gauge_emul_driver_api.static.*)))
                0x0000000008005eb8                _fuel_gauge_emul_driver_api_list_end = .

emul_sensor_driver_api_area
                0x0000000008005eb8        0x0
                0x0000000008005eb8                _emul_sensor_driver_api_list_start = .
 *(SORT_BY_NAME(SORT_BY_ALIGNMENT(._emul_sensor_driver_api.static.*)))
                0x0000000008005eb8                _emul_sensor_driver_api_list_end = .

entropy_driver_api_area
                0x0000000008005eb8        0x0
                0x0000000008005eb8                _entropy_driver_api_list_start = .
 *(SORT_BY_NAME(SORT_BY_ALIGNMENT(._entropy_driver_api.static.*)))
                0x0000000008005eb8                _entropy_driver_api_list_end = .

espi_driver_api_area
                0x0000000008005eb8        0x0
                0x0000000008005eb8                _espi_driver_api_list_start = .
 *(SORT_BY_NAME(SORT_BY_ALIGNMENT(._espi_driver_api.static.*)))
                0x0000000008005eb8                _espi_driver_api_list_end = .

espi_saf_driver_api_area
                0x0000000008005eb8        0x0
                0x0000000008005eb8                _espi_saf_driver_api_list_start = .
 *(SORT_BY_NAME(SORT_BY_ALIGNMENT(._espi_saf_driver_api.static.*)))
                0x0000000008005eb8                _espi_saf_driver_api_list_end = .

flash_driver_api_area
                0x0000000008005eb8        0x0
                0x0000000008005eb8                _flash_driver_api_list_start = .
 *(SORT_BY_NAME(SORT_BY_ALIGNMENT(._flash_driver_api.static.*)))
                0x0000000008005eb8                _flash_driver_api_list_end = .

fpga_driver_api_area
                0x0000000008005eb8        0x0
                0x0000000008005eb8                _fpga_driver_api_list_start = .
 *(SORT_BY_NAME(SORT_BY_ALIGNMENT(._fpga_driver_api.static.*)))
                0x0000000008005eb8                _fpga_driver_api_list_end = .

fuel_gauge_driver_api_area
                0x0000000008005eb8        0x0
                0x0000000008005eb8                _fuel_gauge_driver_api_list_start = .
 *(SORT_BY_NAME(SORT_BY_ALIGNMENT(._fuel_gauge_driver_api.static.*)))
                0x0000000008005eb8                _fuel_gauge_driver_api_list_end = .

gnss_driver_api_area
                0x0000000008005eb8        0x0
                0x0000000008005eb8                _gnss_driver_api_list_start = .
 *(SORT_BY_NAME(SORT_BY_ALIGNMENT(._gnss_driver_api.static.*)))
                0x0000000008005eb8                _gnss_driver_api_list_end = .

haptics_driver_api_area
                0x0000000008005eb8        0x0
                0x0000000008005eb8                _haptics_driver_api_list_start = .
 *(SORT_BY_NAME(SORT_BY_ALIGNMENT(._haptics_driver_api.static.*)))
                0x0000000008005eb8                _haptics_driver_api_list_end = .

hwspinlock_driver_api_area
                0x0000000008005eb8        0x0
                0x0000000008005eb8                _hwspinlock_driver_api_list_start = .
 *(SORT_BY_NAME(SORT_BY_ALIGNMENT(._hwspinlock_driver_api.static.*)))
                0x0000000008005eb8                _hwspinlock_driver_api_list_end = .

i2c_driver_api_area
                0x0000000008005eb8        0x0
                0x0000000008005eb8                _i2c_driver_api_list_start = .
 *(SORT_BY_NAME(SORT_BY_ALIGNMENT(._i2c_driver_api.static.*)))
                0x0000000008005eb8                _i2c_driver_api_list_end = .

i2c_target_driver_api_area
                0x0000000008005eb8        0x0
                0x0000000008005eb8                _i2c_target_driver_api_list_start = .
 *(SORT_BY_NAME(SORT_BY_ALIGNMENT(._i2c_target_driver_api.static.*)))
                0x0000000008005eb8                _i2c_target_driver_api_list_end = .

i2s_driver_api_area
                0x0000000008005eb8        0x0
                0x0000000008005eb8                _i2s_driver_api_list_start = .
 *(SORT_BY_NAME(SORT_BY_ALIGNMENT(._i2s_driver_api.static.*)))
                0x0000000008005eb8                _i2s_driver_api_list_end = .

i3c_driver_api_area
                0x0000000008005eb8        0x0
                0x0000000008005eb8                _i3c_driver_api_list_start = .
 *(SORT_BY_NAME(SORT_BY_ALIGNMENT(._i3c_driver_api.static.*)))
                0x0000000008005eb8                _i3c_driver_api_list_end = .

ipm_driver_api_area
                0x0000000008005eb8        0x0
                0x0000000008005eb8                _ipm_driver_api_list_start = .
 *(SORT_BY_NAME(SORT_BY_ALIGNMENT(._ipm_driver_api.static.*)))
                0x0000000008005eb8                _ipm_driver_api_list_end = .

kscan_driver_api_area
                0x0000000008005eb8        0x0
                0x0000000008005eb8                _kscan_driver_api_list_start = .
 *(SORT_BY_NAME(SORT_BY_ALIGNMENT(._kscan_driver_api.static.*)))
                0x0000000008005eb8                _kscan_driver_api_list_end = .

led_driver_api_area
                0x0000000008005eb8        0x0
                0x0000000008005eb8                _led_driver_api_list_start = .
 *(SORT_BY_NAME(SORT_BY_ALIGNMENT(._led_driver_api.static.*)))
                0x0000000008005eb8                _led_driver_api_list_end = .

led_strip_driver_api_area
                0x0000000008005eb8        0x0
                0x0000000008005eb8                _led_strip_driver_api_list_start = .
 *(SORT_BY_NAME(SORT_BY_ALIGNMENT(._led_strip_driver_api.static.*)))
                0x0000000008005eb8                _led_strip_driver_api_list_end = .

lora_driver_api_area
                0x0000000008005eb8        0x0
                0x0000000008005eb8                _lora_driver_api_list_start = .
 *(SORT_BY_NAME(SORT_BY_ALIGNMENT(._lora_driver_api.static.*)))
                0x0000000008005eb8                _lora_driver_api_list_end = .

mbox_driver_api_area
                0x0000000008005eb8        0x0
                0x0000000008005eb8                _mbox_driver_api_list_start = .
 *(SORT_BY_NAME(SORT_BY_ALIGNMENT(._mbox_driver_api.static.*)))
                0x0000000008005eb8                _mbox_driver_api_list_end = .

mdio_driver_api_area
                0x0000000008005eb8        0x0
                0x0000000008005eb8                _mdio_driver_api_list_start = .
 *(SORT_BY_NAME(SORT_BY_ALIGNMENT(._mdio_driver_api.static.*)))
                0x0000000008005eb8                _mdio_driver_api_list_end = .

mipi_dbi_driver_api_area
                0x0000000008005eb8        0x0
                0x0000000008005eb8                _mipi_dbi_driver_api_list_start = .
 *(SORT_BY_NAME(SORT_BY_ALIGNMENT(._mipi_dbi_driver_api.static.*)))
                0x0000000008005eb8                _mipi_dbi_driver_api_list_end = .

mipi_dsi_driver_api_area
                0x0000000008005eb8        0x0
                0x0000000008005eb8                _mipi_dsi_driver_api_list_start = .
 *(SORT_BY_NAME(SORT_BY_ALIGNMENT(._mipi_dsi_driver_api.static.*)))
                0x0000000008005eb8                _mipi_dsi_driver_api_list_end = .

mspi_driver_api_area
                0x0000000008005eb8        0x0
                0x0000000008005eb8                _mspi_driver_api_list_start = .
 *(SORT_BY_NAME(SORT_BY_ALIGNMENT(._mspi_driver_api.static.*)))
                0x0000000008005eb8                _mspi_driver_api_list_end = .

peci_driver_api_area
                0x0000000008005eb8        0x0
                0x0000000008005eb8                _peci_driver_api_list_start = .
 *(SORT_BY_NAME(SORT_BY_ALIGNMENT(._peci_driver_api.static.*)))
                0x0000000008005eb8                _peci_driver_api_list_end = .

ps2_driver_api_area
                0x0000000008005eb8        0x0
                0x0000000008005eb8                _ps2_driver_api_list_start = .
 *(SORT_BY_NAME(SORT_BY_ALIGNMENT(._ps2_driver_api.static.*)))
                0x0000000008005eb8                _ps2_driver_api_list_end = .

ptp_clock_driver_api_area
                0x0000000008005eb8        0x0
                0x0000000008005eb8                _ptp_clock_driver_api_list_start = .
 *(SORT_BY_NAME(SORT_BY_ALIGNMENT(._ptp_clock_driver_api.static.*)))
                0x0000000008005eb8                _ptp_clock_driver_api_list_end = .

pwm_driver_api_area
                0x0000000008005eb8        0x0
                0x0000000008005eb8                _pwm_driver_api_list_start = .
 *(SORT_BY_NAME(SORT_BY_ALIGNMENT(._pwm_driver_api.static.*)))
                0x0000000008005eb8                _pwm_driver_api_list_end = .

regulator_parent_driver_api_area
                0x0000000008005eb8        0x0
                0x0000000008005eb8                _regulator_parent_driver_api_list_start = .
 *(SORT_BY_NAME(SORT_BY_ALIGNMENT(._regulator_parent_driver_api.static.*)))
                0x0000000008005eb8                _regulator_parent_driver_api_list_end = .

regulator_driver_api_area
                0x0000000008005eb8        0x0
                0x0000000008005eb8                _regulator_driver_api_list_start = .
 *(SORT_BY_NAME(SORT_BY_ALIGNMENT(._regulator_driver_api.static.*)))
                0x0000000008005eb8                _regulator_driver_api_list_end = .

retained_mem_driver_api_area
                0x0000000008005eb8        0x0
                0x0000000008005eb8                _retained_mem_driver_api_list_start = .
 *(SORT_BY_NAME(SORT_BY_ALIGNMENT(._retained_mem_driver_api.static.*)))
                0x0000000008005eb8                _retained_mem_driver_api_list_end = .

rtc_driver_api_area
                0x0000000008005eb8        0x0
                0x0000000008005eb8                _rtc_driver_api_list_start = .
 *(SORT_BY_NAME(SORT_BY_ALIGNMENT(._rtc_driver_api.static.*)))
                0x0000000008005eb8                _rtc_driver_api_list_end = .

sdhc_driver_api_area
                0x0000000008005eb8        0x0
                0x0000000008005eb8                _sdhc_driver_api_list_start = .
 *(SORT_BY_NAME(SORT_BY_ALIGNMENT(._sdhc_driver_api.static.*)))
                0x0000000008005eb8                _sdhc_driver_api_list_end = .

sensor_driver_api_area
                0x0000000008005eb8        0x0
                0x0000000008005eb8                _sensor_driver_api_list_start = .
 *(SORT_BY_NAME(SORT_BY_ALIGNMENT(._sensor_driver_api.static.*)))
                0x0000000008005eb8                _sensor_driver_api_list_end = .

smbus_driver_api_area
                0x0000000008005eb8        0x0
                0x0000000008005eb8                _smbus_driver_api_list_start = .
 *(SORT_BY_NAME(SORT_BY_ALIGNMENT(._smbus_driver_api.static.*)))
                0x0000000008005eb8                _smbus_driver_api_list_end = .

spi_driver_api_area
                0x0000000008005eb8        0x0
                0x0000000008005eb8                _spi_driver_api_list_start = .
 *(SORT_BY_NAME(SORT_BY_ALIGNMENT(._spi_driver_api.static.*)))
                0x0000000008005eb8                _spi_driver_api_list_end = .

stepper_driver_api_area
                0x0000000008005eb8        0x0
                0x0000000008005eb8                _stepper_driver_api_list_start = .
 *(SORT_BY_NAME(SORT_BY_ALIGNMENT(._stepper_driver_api.static.*)))
                0x0000000008005eb8                _stepper_driver_api_list_end = .

syscon_driver_api_area
                0x0000000008005eb8        0x0
                0x0000000008005eb8                _syscon_driver_api_list_start = .
 *(SORT_BY_NAME(SORT_BY_ALIGNMENT(._syscon_driver_api.static.*)))
                0x0000000008005eb8                _syscon_driver_api_list_end = .

tee_driver_api_area
                0x0000000008005eb8        0x0
                0x0000000008005eb8                _tee_driver_api_list_start = .
 *(SORT_BY_NAME(SORT_BY_ALIGNMENT(._tee_driver_api.static.*)))
                0x0000000008005eb8                _tee_driver_api_list_end = .

video_driver_api_area
                0x0000000008005eb8        0x0
                0x0000000008005eb8                _video_driver_api_list_start = .
 *(SORT_BY_NAME(SORT_BY_ALIGNMENT(._video_driver_api.static.*)))
                0x0000000008005eb8                _video_driver_api_list_end = .

w1_driver_api_area
                0x0000000008005eb8        0x0
                0x0000000008005eb8                _w1_driver_api_list_start = .
 *(SORT_BY_NAME(SORT_BY_ALIGNMENT(._w1_driver_api.static.*)))
                0x0000000008005eb8                _w1_driver_api_list_end = .

wdt_driver_api_area
                0x0000000008005eb8        0x0
                0x0000000008005eb8                _wdt_driver_api_list_start = .
 *(SORT_BY_NAME(SORT_BY_ALIGNMENT(._wdt_driver_api.static.*)))
                0x0000000008005eb8                _wdt_driver_api_list_end = .

can_transceiver_driver_api_area
                0x0000000008005eb8        0x0
                0x0000000008005eb8                _can_transceiver_driver_api_list_start = .
 *(SORT_BY_NAME(SORT_BY_ALIGNMENT(._can_transceiver_driver_api.static.*)))
                0x0000000008005eb8                _can_transceiver_driver_api_list_end = .

nrf_clock_control_driver_api_area
                0x0000000008005eb8        0x0
                0x0000000008005eb8                _nrf_clock_control_driver_api_list_start = .
 *(SORT_BY_NAME(SORT_BY_ALIGNMENT(._nrf_clock_control_driver_api.static.*)))
                0x0000000008005eb8                _nrf_clock_control_driver_api_list_end = .

i3c_target_driver_api_area
                0x0000000008005eb8        0x0
                0x0000000008005eb8                _i3c_target_driver_api_list_start = .
 *(SORT_BY_NAME(SORT_BY_ALIGNMENT(._i3c_target_driver_api.static.*)))
                0x0000000008005eb8                _i3c_target_driver_api_list_end = .

its_driver_api_area
                0x0000000008005eb8        0x0
                0x0000000008005eb8                _its_driver_api_list_start = .
 *(SORT_BY_NAME(SORT_BY_ALIGNMENT(._its_driver_api.static.*)))
                0x0000000008005eb8                _its_driver_api_list_end = .

vtd_driver_api_area
                0x0000000008005eb8        0x0
                0x0000000008005eb8                _vtd_driver_api_list_start = .
 *(SORT_BY_NAME(SORT_BY_ALIGNMENT(._vtd_driver_api.static.*)))
                0x0000000008005eb8                _vtd_driver_api_list_end = .

tgpio_driver_api_area
                0x0000000008005eb8        0x0
                0x0000000008005eb8                _tgpio_driver_api_list_start = .
 *(SORT_BY_NAME(SORT_BY_ALIGNMENT(._tgpio_driver_api.static.*)))
                0x0000000008005eb8                _tgpio_driver_api_list_end = .

pcie_ctrl_driver_api_area
                0x0000000008005eb8        0x0
                0x0000000008005eb8                _pcie_ctrl_driver_api_list_start = .
 *(SORT_BY_NAME(SORT_BY_ALIGNMENT(._pcie_ctrl_driver_api.static.*)))
                0x0000000008005eb8                _pcie_ctrl_driver_api_list_end = .

pcie_ep_driver_api_area
                0x0000000008005eb8        0x0
                0x0000000008005eb8                _pcie_ep_driver_api_list_start = .
 *(SORT_BY_NAME(SORT_BY_ALIGNMENT(._pcie_ep_driver_api.static.*)))
                0x0000000008005eb8                _pcie_ep_driver_api_list_end = .

svc_driver_api_area
                0x0000000008005eb8        0x0
                0x0000000008005eb8                _svc_driver_api_list_start = .
 *(SORT_BY_NAME(SORT_BY_ALIGNMENT(._svc_driver_api.static.*)))
                0x0000000008005eb8                _svc_driver_api_list_end = .

uart_driver_api_area
                0x0000000008005eb8       0x14
                0x0000000008005eb8                _uart_driver_api_list_start = .
 *(SORT_BY_NAME(SORT_BY_ALIGNMENT(._uart_driver_api.static.*)))
 ._uart_driver_api.static.uart_stm32_driver_api_
                0x0000000008005eb8       0x14 zephyr/drivers/serial/libdrivers__serial.a(uart_stm32.c.obj)
                0x0000000008005ecc                _uart_driver_api_list_end = .

bc12_emul_driver_api_area
                0x0000000008005ecc        0x0
                0x0000000008005ecc                _bc12_emul_driver_api_list_start = .
 *(SORT_BY_NAME(SORT_BY_ALIGNMENT(._bc12_emul_driver_api.static.*)))
                0x0000000008005ecc                _bc12_emul_driver_api_list_end = .

bc12_driver_api_area
                0x0000000008005ecc        0x0
                0x0000000008005ecc                _bc12_driver_api_list_start = .
 *(SORT_BY_NAME(SORT_BY_ALIGNMENT(._bc12_driver_api.static.*)))
                0x0000000008005ecc                _bc12_driver_api_list_end = .

usbc_ppc_driver_api_area
                0x0000000008005ecc        0x0
                0x0000000008005ecc                _usbc_ppc_driver_api_list_start = .
 *(SORT_BY_NAME(SORT_BY_ALIGNMENT(._usbc_ppc_driver_api.static.*)))
                0x0000000008005ecc                _usbc_ppc_driver_api_list_end = .

tcpc_driver_api_area
                0x0000000008005ecc        0x0
                0x0000000008005ecc                _tcpc_driver_api_list_start = .
 *(SORT_BY_NAME(SORT_BY_ALIGNMENT(._tcpc_driver_api.static.*)))
                0x0000000008005ecc                _tcpc_driver_api_list_end = .

usbc_vbus_driver_api_area
                0x0000000008005ecc        0x0
                0x0000000008005ecc                _usbc_vbus_driver_api_list_start = .
 *(SORT_BY_NAME(SORT_BY_ALIGNMENT(._usbc_vbus_driver_api.static.*)))
                0x0000000008005ecc                _usbc_vbus_driver_api_list_end = .

ivshmem_driver_api_area
                0x0000000008005ecc        0x0
                0x0000000008005ecc                _ivshmem_driver_api_list_start = .
 *(SORT_BY_NAME(SORT_BY_ALIGNMENT(._ivshmem_driver_api.static.*)))
                0x0000000008005ecc                _ivshmem_driver_api_list_end = .

ethphy_driver_api_area
                0x0000000008005ecc        0x0
                0x0000000008005ecc                _ethphy_driver_api_list_start = .
 *(SORT_BY_NAME(SORT_BY_ALIGNMENT(._ethphy_driver_api.static.*)))
                0x0000000008005ecc                _ethphy_driver_api_list_end = .

ztest           0x0000000008005ecc        0x0
                0x0000000008005ecc                _ztest_expected_result_entry_list_start = .
 *(SORT_BY_NAME(SORT_BY_ALIGNMENT(._ztest_expected_result_entry.static.*)))
                0x0000000008005ecc                _ztest_expected_result_entry_list_end = .
                0x0000000008005ecc                _ztest_suite_node_list_start = .
 *(SORT_BY_NAME(SORT_BY_ALIGNMENT(._ztest_suite_node.static.*)))
                0x0000000008005ecc                _ztest_suite_node_list_end = .
                0x0000000008005ecc                _ztest_unit_test_list_start = .
 *(SORT_BY_NAME(SORT_BY_ALIGNMENT(._ztest_unit_test.static.*)))
                0x0000000008005ecc                _ztest_unit_test_list_end = .
                0x0000000008005ecc                _ztest_test_rule_list_start = .
 *(SORT_BY_NAME(SORT_BY_ALIGNMENT(._ztest_test_rule.static.*)))
                0x0000000008005ecc                _ztest_test_rule_list_end = .

init_array      0x0000000008005ecc        0x0
 *(SORT_BY_NAME(SORT_BY_ALIGNMENT(.ctors*)))
 *(SORT_BY_NAME(SORT_BY_ALIGNMENT(.init_array*)))
                0x0000000000000001                ASSERT ((SIZEOF (init_array) == 0x0), GNU-style constructors required but STATIC_INIT_GNU not enabled)

bt_l2cap_fixed_chan_area
                0x0000000008005ecc        0x0
                0x0000000008005ecc                _bt_l2cap_fixed_chan_list_start = .
 *(SORT_BY_NAME(SORT_BY_ALIGNMENT(._bt_l2cap_fixed_chan.static.*)))
                0x0000000008005ecc                _bt_l2cap_fixed_chan_list_end = .

bt_gatt_service_static_area
                0x0000000008005ecc        0x0
                0x0000000008005ecc                _bt_gatt_service_static_list_start = .
 *(SORT_BY_NAME(SORT_BY_ALIGNMENT(._bt_gatt_service_static.static.*)))
                0x0000000008005ecc                _bt_gatt_service_static_list_end = .

log_strings_area
                0x0000000008005ecc        0x0
                0x0000000008005ecc                _log_strings_list_start = .
 *(SORT_BY_NAME(SORT_BY_ALIGNMENT(._log_strings.static.*)))
                0x0000000008005ecc                _log_strings_list_end = .

log_stmesp_ptr_area
                0x0000000008005ecc        0x0
                0x0000000008005ecc                _log_stmesp_ptr_list_start = .
 *(SORT_BY_NAME(SORT_BY_ALIGNMENT(._log_stmesp_ptr.static.*)))
                0x0000000008005ecc                _log_stmesp_ptr_list_end = .

log_stmesp_str_area
                0x0000000008005ecc        0x0
                0x0000000008005ecc                _log_stmesp_str_list_start = .
 *(SORT_BY_NAME(SORT_BY_ALIGNMENT(._log_stmesp_str.static.*)))
                0x0000000008005ecc                _log_stmesp_str_list_end = .

log_const_area  0x0000000008005ecc       0x40
                0x0000000008005ecc                _log_const_list_start = .
 *(SORT_BY_NAME(SORT_BY_ALIGNMENT(._log_const.static.*)))
 ._log_const.static.log_const_cbprintf_package_
                0x0000000008005ecc        0x8 zephyr/libzephyr.a(cbprintf_packaged.c.obj)
                0x0000000008005ecc                log_const_cbprintf_package
 ._log_const.static.log_const_log_
                0x0000000008005ed4        0x8 zephyr/libzephyr.a(log_core.c.obj)
                0x0000000008005ed4                log_const_log
 ._log_const.static.log_const_log_mgmt_
                0x0000000008005edc        0x8 zephyr/libzephyr.a(log_mgmt.c.obj)
                0x0000000008005edc                log_const_log_mgmt
 ._log_const.static.log_const_log_uart_
                0x0000000008005ee4        0x8 zephyr/libzephyr.a(log_backend_uart.c.obj)
                0x0000000008005ee4                log_const_log_uart
 ._log_const.static.log_const_mpu_
                0x0000000008005eec        0x8 zephyr/arch/arch/arm/core/mpu/libarch__arm__core__mpu.a(arm_core_mpu.c.obj)
                0x0000000008005eec                log_const_mpu
 ._log_const.static.log_const_os_
                0x0000000008005ef4        0x8 zephyr/kernel/libkernel.a(init.c.obj)
                0x0000000008005ef4                log_const_os
 ._log_const.static.log_const_stm32_
                0x0000000008005efc        0x8 zephyr/drivers/gpio/libdrivers__gpio.a(gpio_stm32.c.obj)
                0x0000000008005efc                log_const_stm32
 ._log_const.static.log_const_uart_stm32_
                0x0000000008005f04        0x8 zephyr/drivers/serial/libdrivers__serial.a(uart_stm32.c.obj)
                0x0000000008005f04                log_const_uart_stm32
                0x0000000008005f0c                _log_const_list_end = .

log_backend_area
                0x0000000008005f0c       0x20
                0x0000000008005f0c                _log_backend_list_start = .
 *(SORT_BY_NAME(SORT_BY_ALIGNMENT(._log_backend.static.*)))
 ._log_backend.static.log_backend_rtt_
                0x0000000008005f0c       0x10 zephyr/libzephyr.a(log_backend_rtt.c.obj)
 ._log_backend.static.log_backend_uart_
                0x0000000008005f1c       0x10 zephyr/libzephyr.a(log_backend_uart.c.obj)
                0x0000000008005f2c                _log_backend_list_end = .

log_link_area   0x0000000008005f2c        0x0
                0x0000000008005f2c                _log_link_list_start = .
 *(SORT_BY_NAME(SORT_BY_ALIGNMENT(._log_link.static.*)))
                0x0000000008005f2c                _log_link_list_end = .

tracing_backend_area
                0x0000000008005f2c        0x0
                0x0000000008005f2c                _tracing_backend_list_start = .
 *(SORT_BY_NAME(SORT_BY_ALIGNMENT(._tracing_backend.static.*)))
                0x0000000008005f2c                _tracing_backend_list_end = .

zephyr_dbg_info
 *(SORT_BY_ALIGNMENT(.dbg_thread_info))

intc_table_area
                0x0000000008005f2c        0x0
                0x0000000008005f2c                _intc_table_list_start = .
 *(SORT_BY_NAME(SORT_BY_ALIGNMENT(._intc_table.static.*)))
                0x0000000008005f2c                _intc_table_list_end = .

symbol_to_keep  0x0000000008005f2c        0x0
                0x0000000008005f2c                __symbol_to_keep_start = .
 *(SORT_BY_NAME(SORT_BY_ALIGNMENT(.symbol_to_keep*)))
                0x0000000008005f2c                __symbol_to_keep_end = .

shell_area      0x0000000008005f2c        0x0
                0x0000000008005f2c                _shell_list_start = .
 *(SORT_BY_NAME(SORT_BY_ALIGNMENT(._shell.static.*)))
                0x0000000008005f2c                _shell_list_end = .

shell_root_cmds_area
                0x0000000008005f2c        0x0
                0x0000000008005f2c                _shell_root_cmds_list_start = .
 *(SORT_BY_NAME(SORT_BY_ALIGNMENT(._shell_root_cmds.static.*)))
                0x0000000008005f2c                _shell_root_cmds_list_end = .

shell_subcmds_area
                0x0000000008005f2c        0x0